Archive member included to satisfy reference by file (symbol)

C:/ST/STM32CubeIDE_2.2.0/STM32CubeIDE/plugins/com.st.stm32cube.ide.mcu.externaltools.gnu-tools-for-stm32.14.3.rel1.win32_1.0.100.202602081740/tools/bin/../lib/gcc/arm-none-eabi/14.3.1/../../../../arm-none-eabi/lib/thumb/v7e-m+dp/hard\libc_nano.a(libc_a-assert.o)
                              ./Core/Src/app.o (__assert_func)
C:/ST/STM32CubeIDE_2.2.0/STM32CubeIDE/plugins/com.st.stm32cube.ide.mcu.externaltools.gnu-tools-for-stm32.14.3.rel1.win32_1.0.100.202602081740/tools/bin/../lib/gcc/arm-none-eabi/14.3.1/../../../../arm-none-eabi/lib/thumb/v7e-m+dp/hard\libc_nano.a(libc_a-atoi.o)
                              ./Core/Src/tasks/cli_task.o (atoi)
C:/ST/STM32CubeIDE_2.2.0/STM32CubeIDE/plugins/com.st.stm32cube.ide.mcu.externaltools.gnu-tools-for-stm32.14.3.rel1.win32_1.0.100.202602081740/tools/bin/../lib/gcc/arm-none-eabi/14.3.1/../../../../arm-none-eabi/lib/thumb/v7e-m+dp/hard\libc_nano.a(libc_a-exit.o)
                              C:/ST/STM32CubeIDE_2.2.0/STM32CubeIDE/plugins/com.st.stm32cube.ide.mcu.externaltools.gnu-tools-for-stm32.14.3.rel1.win32_1.0.100.202602081740/tools/bin/../lib/gcc/arm-none-eabi/14.3.1/../../../../arm-none-eabi/lib/thumb/v7e-m+dp/hard/crt0.o (exit)
C:/ST/STM32CubeIDE_2.2.0/STM32CubeIDE/plugins/com.st.stm32cube.ide.mcu.externaltools.gnu-tools-for-stm32.14.3.rel1.win32_1.0.100.202602081740/tools/bin/../lib/gcc/arm-none-eabi/14.3.1/../../../../arm-none-eabi/lib/thumb/v7e-m+dp/hard\libc_nano.a(libc_a-strtol.o)
                              C:/ST/STM32CubeIDE_2.2.0/STM32CubeIDE/plugins/com.st.stm32cube.ide.mcu.externaltools.gnu-tools-for-stm32.14.3.rel1.win32_1.0.100.202602081740/tools/bin/../lib/gcc/arm-none-eabi/14.3.1/../../../../arm-none-eabi/lib/thumb/v7e-m+dp/hard\libc_nano.a(libc_a-atoi.o) (_strtol_r)
C:/ST/STM32CubeIDE_2.2.0/STM32CubeIDE/plugins/com.st.stm32cube.ide.mcu.externaltools.gnu-tools-for-stm32.14.3.rel1.win32_1.0.100.202602081740/tools/bin/../lib/gcc/arm-none-eabi/14.3.1/../../../../arm-none-eabi/lib/thumb/v7e-m+dp/hard\libc_nano.a(libc_a-ctype_.o)
                              C:/ST/STM32CubeIDE_2.2.0/STM32CubeIDE/plugins/com.st.stm32cube.ide.mcu.externaltools.gnu-tools-for-stm32.14.3.rel1.win32_1.0.100.202602081740/tools/bin/../lib/gcc/arm-none-eabi/14.3.1/../../../../arm-none-eabi/lib/thumb/v7e-m+dp/hard\libc_nano.a(libc_a-strtol.o) (_ctype_)
C:/ST/STM32CubeIDE_2.2.0/STM32CubeIDE/plugins/com.st.stm32cube.ide.mcu.externaltools.gnu-tools-for-stm32.14.3.rel1.win32_1.0.100.202602081740/tools/bin/../lib/gcc/arm-none-eabi/14.3.1/../../../../arm-none-eabi/lib/thumb/v7e-m+dp/hard\libc_nano.a(libc_a-findfp.o)
                              ./Middlewares/Third_Party/FreeRTOS/Source/tasks.o (__sf)
C:/ST/STM32CubeIDE_2.2.0/STM32CubeIDE/plugins/com.st.stm32cube.ide.mcu.externaltools.gnu-tools-for-stm32.14.3.rel1.win32_1.0.100.202602081740/tools/bin/../lib/gcc/arm-none-eabi/14.3.1/../../../../arm-none-eabi/lib/thumb/v7e-m+dp/hard\libc_nano.a(libc_a-fprintf.o)
                              C:/ST/STM32CubeIDE_2.2.0/STM32CubeIDE/plugins/com.st.stm32cube.ide.mcu.externaltools.gnu-tools-for-stm32.14.3.rel1.win32_1.0.100.202602081740/tools/bin/../lib/gcc/arm-none-eabi/14.3.1/../../../../arm-none-eabi/lib/thumb/v7e-m+dp/hard\libc_nano.a(libc_a-assert.o) (fiprintf)
C:/ST/STM32CubeIDE_2.2.0/STM32CubeIDE/plugins/com.st.stm32cube.ide.mcu.externaltools.gnu-tools-for-stm32.14.3.rel1.win32_1.0.100.202602081740/tools/bin/../lib/gcc/arm-none-eabi/14.3.1/../../../../arm-none-eabi/lib/thumb/v7e-m+dp/hard\libc_nano.a(libc_a-fwalk.o)
                              C:/ST/STM32CubeIDE_2.2.0/STM32CubeIDE/plugins/com.st.stm32cube.ide.mcu.externaltools.gnu-tools-for-stm32.14.3.rel1.win32_1.0.100.202602081740/tools/bin/../lib/gcc/arm-none-eabi/14.3.1/../../../../arm-none-eabi/lib/thumb/v7e-m+dp/hard\libc_nano.a(libc_a-findfp.o) (_fwalk_sglue)
C:/ST/STM32CubeIDE_2.2.0/STM32CubeIDE/plugins/com.st.stm32cube.ide.mcu.externaltools.gnu-tools-for-stm32.14.3.rel1.win32_1.0.100.202602081740/tools/bin/../lib/gcc/arm-none-eabi/14.3.1/../../../../arm-none-eabi/lib/thumb/v7e-m+dp/hard\libc_nano.a(libc_a-snprintf.o)
                              ./Core/Src/tasks/cli_task.o (snprintf)
C:/ST/STM32CubeIDE_2.2.0/STM32CubeIDE/plugins/com.st.stm32cube.ide.mcu.externaltools.gnu-tools-for-stm32.14.3.rel1.win32_1.0.100.202602081740/tools/bin/../lib/gcc/arm-none-eabi/14.3.1/../../../../arm-none-eabi/lib/thumb/v7e-m+dp/hard\libc_nano.a(libc_a-stdio.o)
                              C:/ST/STM32CubeIDE_2.2.0/STM32CubeIDE/plugins/com.st.stm32cube.ide.mcu.externaltools.gnu-tools-for-stm32.14.3.rel1.win32_1.0.100.202602081740/tools/bin/../lib/gcc/arm-none-eabi/14.3.1/../../../../arm-none-eabi/lib/thumb/v7e-m+dp/hard\libc_nano.a(libc_a-findfp.o) (__sread)
[...]
Memory Configuration

Name             Origin             Length             Attributes
RAM              0x20000000         0x00080000         xrw
FLASH            0x08000000         0x00200000         xr
*default*        0x00000000         0xffffffff

Linker script and memory map

LOAD C:/ST/STM32CubeIDE_2.2.0/STM32CubeIDE/plugins/com.st.stm32cube.ide.mcu.externaltools.gnu-tools-for-stm32.14.3.rel1.win32_1.0.100.202602081740/tools/bin/../lib/gcc/arm-none-eabi/14.3.1/thumb/v7e-m+dp/hard/crti.o
LOAD C:/ST/STM32CubeIDE_2.2.0/STM32CubeIDE/plugins/com.st.stm32cube.ide.mcu.externaltools.gnu-tools-for-stm32.14.3.rel1.win32_1.0.100.202602081740/tools/bin/../lib/gcc/arm-none-eabi/14.3.1/thumb/v7e-m+dp/hard/crtbegin.o
LOAD C:/ST/STM32CubeIDE_2.2.0/STM32CubeIDE/plugins/com.st.stm32cube.ide.mcu.externaltools.gnu-tools-for-stm32.14.3.rel1.win32_1.0.100.202602081740/tools/bin/../lib/gcc/arm-none-eabi/14.3.1/../../../../arm-none-eabi/lib/thumb/v7e-m+dp/hard/crt0.o
LOAD ./Core/Src/app.o
LOAD ./Core/Src/board.o
LOAD ./Core/Src/freertos.o
LOAD ./Core/Src/main.o
LOAD ./Core/Src/stm32f7xx_hal_msp.o
LOAD ./Core/Src/stm32f7xx_hal_timebase_tim.o
LOAD ./Core/Src/stm32f7xx_it.o
LOAD ./Core/Src/syscalls.o
LOAD ./Core/Src/sysmem.o
LOAD ./Core/Src/system_stm32f7xx.o
LOAD ./Core/Src/ext_drivers/accumulator.o
LOAD ./Core/Src/ext_drivers/adbms2950.o
LOAD ./Core/Src/ext_drivers/adbms6830.o
LOAD ./Core/Src/ext_drivers/adbms_shared.o
LOAD ./Core/Src/ext_drivers/canbus.o
LOAD ./Core/Src/ext_drivers/cli.o
LOAD ./Core/Src/ext_drivers/current_sensor.o
LOAD ./Core/Src/ext_drivers/fans.o
LOAD ./Core/Src/ext_drivers/imd.o
LOAD ./Core/Src/ext_drivers/stm32f767z.o
LOAD ./Core/Src/tasks/adbms_task.o
LOAD ./Core/Src/tasks/air_task.o
LOAD ./Core/Src/tasks/canbus_task.o
LOAD ./Core/Src/tasks/cli_task.o
LOAD ./Core/Src/tasks/current_task.o
LOAD ./Core/Src/tasks/error_task.o
LOAD ./Core/Src/tasks/fan_task.o
LOAD ./Core/Src/tasks/imd_task.o
LOAD ./Core/Startup/startup_stm32f767zitx.o
LOAD ./Drivers/STM32F7xx_HAL_Driver/Src/stm32f7xx_hal.o
LOAD ./Drivers/STM32F7xx_HAL_Driver/Src/stm32f7xx_hal_adc.o
LOAD ./Drivers/STM32F7xx_HAL_Driver/Src/stm32f7xx_hal_adc_ex.o
LOAD ./Drivers/STM32F7xx_HAL_Driver/Src/stm32f7xx_hal_can.o
LOAD ./Drivers/STM32F7xx_HAL_Driver/Src/stm32f7xx_hal_cortex.o
LOAD ./Drivers/STM32F7xx_HAL_Driver/Src/stm32f7xx_hal_dma.o
LOAD ./Drivers/STM32F7xx_HAL_Driver/Src/stm32f7xx_hal_dma_ex.o
LOAD ./Drivers/STM32F7xx_HAL_Driver/Src/stm32f7xx_hal_exti.o
LOAD ./Drivers/STM32F7xx_HAL_Driver/Src/stm32f7xx_hal_flash.o
LOAD ./Drivers/STM32F7xx_HAL_Driver/Src/stm32f7xx_hal_flash_ex.o
LOAD ./Drivers/STM32F7xx_HAL_Driver/Src/stm32f7xx_hal_gpio.o
LOAD ./Drivers/STM32F7xx_HAL_Driver/Src/stm32f7xx_hal_i2c.o
LOAD ./Drivers/STM32F7xx_HAL_Driver/Src/stm32f7xx_hal_i2c_ex.o
LOAD ./Drivers/STM32F7xx_HAL_Driver/Src/stm32f7xx_hal_pwr.o
LOAD ./Drivers/STM32F7xx_HAL_Driver/Src/stm32f7xx_hal_pwr_ex.o
LOAD ./Drivers/STM32F7xx_HAL_Driver/Src/stm32f7xx_hal_rcc.o
LOAD ./Drivers/STM32F7xx_HAL_Driver/Src/stm32f7xx_hal_rcc_ex.o
LOAD ./Drivers/STM32F7xx_HAL_Driver/Src/stm32f7xx_hal_spdifrx.o
LOAD ./Drivers/STM32F7xx_HAL_Driver/Src/stm32f7xx_hal_spi.o
LOAD ./Drivers/STM32F7xx_HAL_Driver/Src/stm32f7xx_hal_spi_ex.o
LOAD ./Drivers/STM32F7xx_HAL_Driver/Src/stm32f7xx_hal_tim.o
LOAD ./Drivers/STM32F7xx_HAL_Driver/Src/stm32f7xx_hal_tim_ex.o
LOAD ./Drivers/STM32F7xx_HAL_Driver/Src/stm32f7xx_hal_uart.o
LOAD ./Drivers/STM32F7xx_HAL_Driver/Src/stm32f7xx_hal_uart_ex.o
LOAD ./Middlewares/Third_Party/FreeRTOS/Source/CMSIS_RTOS_V2/cmsis_os2.o
LOAD ./Middlewares/Third_Party/FreeRTOS/Source/croutine.o
LOAD ./Middlewares/Third_Party/FreeRTOS/Source/event_groups.o
LOAD ./Middlewares/Third_Party/FreeRTOS/Source/list.o
LOAD ./Middlewares/Third_Party/FreeRTOS/Source/queue.o
LOAD ./Middlewares/Third_Party/FreeRTOS/Source/stream_buffer.o
LOAD ./Middlewares/Third_Party/FreeRTOS/Source/tasks.o
LOAD ./Middlewares/Third_Party/FreeRTOS/Source/timers.o
LOAD ./Middlewares/Third_Party/FreeRTOS/Source/portable/GCC/ARM_CM7/r0p1/port.o
LOAD ./Middlewares/Third_Party/FreeRTOS/Source/portable/MemMang/heap_4.o
START GROUP
LOAD C:/ST/STM32CubeIDE_2.2.0/STM32CubeIDE/plugins/com.st.stm32cube.ide.mcu.externaltools.gnu-tools-for-stm32.14.3.rel1.win32_1.0.100.202602081740/tools/bin/../lib/gcc/arm-none-eabi/14.3.1/../../../../arm-none-eabi/lib/thumb/v7e-m+dp/hard\libc_nano.a
LOAD C:/ST/STM32CubeIDE_2.2.0/STM32CubeIDE/plugins/com.st.stm32cube.ide.mcu.externaltools.gnu-tools-for-stm32.14.3.rel1.win32_1.0.100.202602081740/tools/bin/../lib/gcc/arm-none-eabi/14.3.1/../../../../arm-none-eabi/lib/thumb/v7e-m+dp/hard\libm.a
END GROUP
START GROUP
LOAD C:/ST/STM32CubeIDE_2.2.0/STM32CubeIDE/plugins/com.st.stm32cube.ide.mcu.externaltools.gnu-tools-for-stm32.14.3.rel1.win32_1.0.100.202602081740/tools/bin/../lib/gcc/arm-none-eabi/14.3.1/thumb/v7e-m+dp/hard\libgcc.a
LOAD C:/ST/STM32CubeIDE_2.2.0/STM32CubeIDE/plugins/com.st.stm32cube.ide.mcu.externaltools.gnu-tools-for-stm32.14.3.rel1.win32_1.0.100.202602081740/tools/bin/../lib/gcc/arm-none-eabi/14.3.1/../../../../arm-none-eabi/lib/thumb/v7e-m+dp/hard\libc_nano.a
END GROUP
START GROUP
LOAD C:/ST/STM32CubeIDE_2.2.0/STM32CubeIDE/plugins/com.st.stm32cube.ide.mcu.externaltools.gnu-tools-for-stm32.14.3.rel1.win32_1.0.100.202602081740/tools/bin/../lib/gcc/arm-none-eabi/14.3.1/thumb/v7e-m+dp/hard\libgcc.a
LOAD C:/ST/STM32CubeIDE_2.2.0/STM32CubeIDE/plugins/com.st.stm32cube.ide.mcu.externaltools.gnu-tools-for-stm32.14.3.rel1.win32_1.0.100.202602081740/tools/bin/../lib/gcc/arm-none-eabi/14.3.1/../../../../arm-none-eabi/lib/thumb/v7e-m+dp/hard\libc_nano.a
LOAD C:/ST/STM32CubeIDE_2.2.0/STM32CubeIDE/plugins/com.st.stm32cube.ide.mcu.externaltools.gnu-tools-for-stm32.14.3.rel1.win32_1.0.100.202602081740/tools/bin/../lib/gcc/arm-none-eabi/14.3.1/../../../../arm-none-eabi/lib/thumb/v7e-m+dp/hard\libnosys.a
END GROUP
START GROUP
LOAD C:/ST/STM32CubeIDE_2.2.0/STM32CubeIDE/plugins/com.st.stm32cube.ide.mcu.externaltools.gnu-tools-for-stm32.14.3.rel1.win32_1.0.100.202602081740/tools/bin/../lib/gcc/arm-none-eabi/14.3.1/thumb/v7e-m+dp/hard\libgcc.a
LOAD C:/ST/STM32CubeIDE_2.2.0/STM32CubeIDE/plugins/com.st.stm32cube.ide.mcu.externaltools.gnu-tools-for-stm32.14.3.rel1.win32_1.0.100.202602081740/tools/bin/../lib/gcc/arm-none-eabi/14.3.1/../../../../arm-none-eabi/lib/thumb/v7e-m+dp/hard\libc_nano.a
LOAD C:/ST/STM32CubeIDE_2.2.0/STM32CubeIDE/plugins/com.st.stm32cube.ide.mcu.externaltools.gnu-tools-for-stm32.14.3.rel1.win32_1.0.100.202602081740/tools/bin/../lib/gcc/arm-none-eabi/14.3.1/../../../../arm-none-eabi/lib/thumb/v7e-m+dp/hard\libnosys.a
END GROUP
LOAD C:/ST/STM32CubeIDE_2.2.0/STM32CubeIDE/plugins/com.st.stm32cube.ide.mcu.externaltools.gnu-tools-for-stm32.14.3.rel1.win32_1.0.100.202602081740/tools/bin/../lib/gcc/arm-none-eabi/14.3.1/thumb/v7e-m+dp/hard/crtend.o
LOAD C:/ST/STM32CubeIDE_2.2.0/STM32CubeIDE/plugins/com.st.stm32cube.ide.mcu.externaltools.gnu-tools-for-stm32.14.3.rel1.win32_1.0.100.202602081740/tools/bin/../lib/gcc/arm-none-eabi/14.3.1/thumb/v7e-m+dp/hard/crtn.o
                0x20080000                        _estack = (ORIGIN (RAM) + LENGTH (RAM))
                0x00000200                        _Min_Heap_Size = 0x200
                0x00000400                        _Min_Stack_Size = 0x400

.isr_vector     0x08000000      0x1f8
                0x08000000                        . = ALIGN (0x4)
 *(.isr_vector)
 .isr_vector    0x08000000      0x1f8 ./Core/Startup/startup_stm32f767zitx.o
                0x08000000                g_pfnVectors
                0x080001f8                        . = ALIGN (0x4)

.text           0x08000200     0xf1a8
                0x08000200                        . = ALIGN (0x4)
 *(.text)
 .text          0x08000200       0x40 C:/ST/STM32CubeIDE_2.2.0/STM32CubeIDE/plugins/com.st.stm32cube.ide.mcu.externaltools.gnu-tools-for-stm32.14.3.rel1.win32_1.0.100.202602081740/tools/bin/../lib/gcc/arm-none-eabi/14.3.1/thumb/v7e-m+dp/hard/crtbegin.o
 .text          0x08000240       0x10 C:/ST/STM32CubeIDE_2.2.0/STM32CubeIDE/plugins/com.st.stm32cube.ide.mcu.externaltools.gnu-tools-for-stm32.14.3.rel1.win32_1.0.100.202602081740/tools/bin/../lib/gcc/arm-none-eabi/14.3.1/../../../../arm-none-eabi/lib/thumb/v7e-m+dp/hard\libc_nano.a(libc_a-strlen.o)
                0x08000240                strlen
 .text          0x08000250       0xa0 C:/ST/STM32CubeIDE_2.2.0/STM32CubeIDE/plugins/com.st.stm32cube.ide.mcu.externaltools.gnu-tools-for-stm32.14.3.rel1.win32_1.0.100.202602081740/tools/bin/../lib/gcc/arm-none-eabi/14.3.1/../../../../arm-none-eabi/lib/thumb/v7e-m+dp/hard\libc_nano.a(libc_a-memchr.o)
                0x08000250                memchr
 .text          0x080002f0       0x30 C:/ST/STM32CubeIDE_2.2.0/STM32CubeIDE/plugins/com.st.stm32cube.ide.mcu.externaltools.gnu-tools-for-stm32.14.3.rel1.win32_1.0.100.202602081740/tools/bin/../lib/gcc/arm-none-eabi/14.3.1/thumb/v7e-m+dp/hard\libgcc.a(_aeabi_uldivmod.o)
                0x080002f0                __aeabi_uldivmod
 .text          0x08000320      0x2f8 C:/ST/STM32CubeIDE_2.2.0/STM32CubeIDE/plugins/com.st.stm32cube.ide.mcu.externaltools.gnu-tools-for-stm32.14.3.rel1.win32_1.0.100.202602081740/tools/bin/../lib/gcc/arm-none-eabi/14.3.1/thumb/v7e-m+dp/hard\libgcc.a(_udivmoddi4.o)
                0x08000320                __udivmoddi4
 .text          0x08000618        0x4 C:/ST/STM32CubeIDE_2.2.0/STM32CubeIDE/plugins/com.st.stm32cube.ide.mcu.externaltools.gnu-tools-for-stm32.14.3.rel1.win32_1.0.100.202602081740/tools/bin/../lib/gcc/arm-none-eabi/14.3.1/thumb/v7e-m+dp/hard\libgcc.a(_dvmd_tls.o)
                0x08000618                __aeabi_idiv0
                0x08000618                __aeabi_ldiv0
 *(.text*)
 .text.app_create
                0x0800061c      0x1a0 ./Core/Src/app.o
                0x0800061c                app_create
 .text.set_bms  0x080007bc       0x24 ./Core/Src/app.o
                0x080007bc                set_bms
 .text.board_init
                0x080007e0      0x144 ./Core/Src/board.o
                0x080007e0                board_init
 .text.main     0x08000924       0x48 ./Core/Src/main.o
                0x08000924                main
 .text.SystemClock_Config
                0x0800096c       0xe0 ./Core/Src/main.o
                0x0800096c                SystemClock_Config
 .text.MX_ADC1_Init
                0x08000a4c       0xa4 ./Core/Src/main.o
 .text.MX_ADC2_Init
                0x08000af0       0xa4 ./Core/Src/main.o
 .text.MX_CAN1_Init
                0x08000b94       0x6c ./Core/Src/main.o
 .text.MX_SPI6_Init
                0x08000c00       0x7c ./Core/Src/main.o
 .text.MX_TIM1_Init
                0x08000c7c       0xa8 ./Core/Src/main.o
 .text.MX_TIM2_Init
                0x08000d24      0x13c ./Core/Src/main.o
 .text.MX_TIM3_Init
                0x08000e60      0x104 ./Core/Src/main.o
 .text.MX_TIM4_Init
                0x08000f64      0x104 ./Core/Src/main.o
 .text.MX_TIM5_Init
                0x08001068      0x104 ./Core/Src/main.o
 .text.MX_USART3_UART_Init
                0x0800116c       0x60 ./Core/Src/main.o
 .text.MX_GPIO_Init
                0x080011cc      0x228 ./Core/Src/main.o
 .text.HAL_TIM_PeriodElapsedCallback
                0x080013f4       0x24 ./Core/Src/main.o
                0x080013f4                HAL_TIM_PeriodElapsedCallback
 .text.Error_Handler
                0x08001418        0xc ./Core/Src/main.o
                0x08001418                Error_Handler
 .text.HAL_MspInit
                0x08001424       0x50 ./Core/Src/stm32f7xx_hal_msp.o
                0x08001424                HAL_MspInit
 .text.HAL_ADC_MspInit
                0x08001474       0xdc ./Core/Src/stm32f7xx_hal_msp.o
                0x08001474                HAL_ADC_MspInit
 .text.HAL_CAN_MspInit
                0x08001550       0x98 ./Core/Src/stm32f7xx_hal_msp.o
                0x08001550                HAL_CAN_MspInit
 .text.HAL_SPI_MspInit
                0x080015e8       0x88 ./Core/Src/stm32f7xx_hal_msp.o
                0x080015e8                HAL_SPI_MspInit
 .text.HAL_TIM_Base_MspInit
                0x08001670      0x134 ./Core/Src/stm32f7xx_hal_msp.o
                0x08001670                HAL_TIM_Base_MspInit
 .text.HAL_TIM_MspPostInit
                0x080017a4      0x140 ./Core/Src/stm32f7xx_hal_msp.o
                0x080017a4                HAL_TIM_MspPostInit
 .text.HAL_UART_MspInit
                0x080018e4       0xd0 ./Core/Src/stm32f7xx_hal_msp.o
                0x080018e4                HAL_UART_MspInit
 .text.HAL_InitTick
                0x080019b4       0xf4 ./Core/Src/stm32f7xx_hal_timebase_tim.o
                0x080019b4                HAL_InitTick
 .text.NMI_Handler
                0x08001aa8        0x8 ./Core/Src/stm32f7xx_it.o
                0x08001aa8                NMI_Handler
 .text.HardFault_Handler
                0x08001ab0        0x8 ./Core/Src/stm32f7xx_it.o
                0x08001ab0                HardFault_Handler
 .text.MemManage_Handler
                0x08001ab8        0x8 ./Core/Src/stm32f7xx_it.o
                0x08001ab8                MemManage_Handler
 .text.BusFault_Handler
                0x08001ac0        0x8 ./Core/Src/stm32f7xx_it.o
                0x08001ac0                BusFault_Handler
 .text.UsageFault_Handler
                0x08001ac8        0x8 ./Core/Src/stm32f7xx_it.o
                0x08001ac8                UsageFault_Handler
 .text.DebugMon_Handler
                0x08001ad0        0xe ./Core/Src/stm32f7xx_it.o
                0x08001ad0                DebugMon_Handler
 *fill*         0x08001ade        0x2 
 .text.CAN1_RX0_IRQHandler
                0x08001ae0       0x14 ./Core/Src/stm32f7xx_it.o
                0x08001ae0                CAN1_RX0_IRQHandler
 .text.TIM2_IRQHandler
                0x08001af4       0x14 ./Core/Src/stm32f7xx_it.o
                0x08001af4                TIM2_IRQHandler
 .text.USART3_IRQHandler
                0x08001b08       0x14 ./Core/Src/stm32f7xx_it.o
                0x08001b08                USART3_IRQHandler
 .text.TIM7_IRQHandler
                0x08001b1c       0x14 ./Core/Src/stm32f7xx_it.o
                0x08001b1c                TIM7_IRQHandler
 .text.HAL_UART_RxCpltCallback
                0x08001b30       0xe0 ./Core/Src/stm32f7xx_it.o
                0x08001b30                HAL_UART_RxCpltCallback
 .text._getpid  0x08001c10       0x10 ./Core/Src/syscalls.o
                0x08001c10                _getpid
 .text._kill    0x08001c20       0x20 ./Core/Src/syscalls.o
                0x08001c20                _kill
 .text._exit    0x08001c40       0x16 ./Core/Src/syscalls.o
                0x08001c40                _exit
 .text._read    0x08001c56       0x3a ./Core/Src/syscalls.o
                0x08001c56                _read
 .text._write   0x08001c90       0x38 ./Core/Src/syscalls.o
                0x08001c90                _write
 .text._close   0x08001cc8       0x18 ./Core/Src/syscalls.o
                0x08001cc8                _close
 .text._fstat   0x08001ce0       0x20 ./Core/Src/syscalls.o
                0x08001ce0                _fstat
 .text._isatty  0x08001d00       0x16 ./Core/Src/syscalls.o
                0x08001d00                _isatty
 .text._lseek   0x08001d16       0x1a ./Core/Src/syscalls.o
                0x08001d16                _lseek
 .text._sbrk    0x08001d30       0x6c ./Core/Src/sysmem.o
                0x08001d30                _sbrk
 .text.SystemInit
                0x08001d9c       0x24 ./Core/Src/system_stm32f7xx.o
                0x08001d9c                SystemInit
 .text.accumulator_init
                0x08001dc0       0x6e ./Core/Src/ext_drivers/accumulator.o
                0x08001dc0                accumulator_init
 .text.accumulator_read_volt
                0x08001e2e       0x24 ./Core/Src/ext_drivers/accumulator.o
                0x08001e2e                accumulator_read_volt
 .text.smb_read_voltage
                0x08001e52       0x36 ./Core/Src/ext_drivers/accumulator.o
                0x08001e52                smb_read_voltage
 .text.convert_adc_to_volt
                0x08001e88       0x40 ./Core/Src/ext_drivers/accumulator.o
                0x08001e88                convert_adc_to_volt
 .text.adbms6830_update_cell_voltage_limits
                0x08001ec8       0xb4 ./Core/Src/ext_drivers/accumulator.o
                0x08001ec8                adbms6830_update_cell_voltage_limits
 .text.adBms6830_init
                0x08001f7c       0x92 ./Core/Src/ext_drivers/adbms6830.o
                0x08001f7c                adBms6830_init
 *fill*         0x0800200e        0x2 
 .text.adbms6830_reset_cfg
                0x08002010      0x1f8 ./Core/Src/ext_drivers/adbms6830.o
                0x08002010                adbms6830_reset_cfg
 .text.adbms6830_wrcfga
                0x08002208       0x84 ./Core/Src/ext_drivers/adbms6830.o
                0x08002208                adbms6830_wrcfga
 .text.adbms6830_wrcfgb
                0x0800228c       0x84 ./Core/Src/ext_drivers/adbms6830.o
                0x0800228c                adbms6830_wrcfgb
 .text.adbms6830_pack_cfga
                0x08002310      0x206 ./Core/Src/ext_drivers/adbms6830.o
                0x08002310                adbms6830_pack_cfga
 .text.adbms6830_pack_cfgb
                0x08002516      0x194 ./Core/Src/ext_drivers/adbms6830.o
                0x08002516                adbms6830_pack_cfgb
 *fill*         0x080026aa        0x2 
 .text.adbms6830_srst
                0x080026ac       0x1c ./Core/Src/ext_drivers/adbms6830.o
                0x080026ac                adbms6830_srst
 .text.adbms6830_wakeup
                0x080026c8       0x48 ./Core/Src/ext_drivers/adbms6830.o
                0x080026c8                adbms6830_wakeup
 .text.adbms6830_spi_write
                0x08002710       0x4a ./Core/Src/ext_drivers/adbms6830.o
                0x08002710                adbms6830_spi_write
 *fill*         0x0800275a        0x2 
 .text.adbms6830_cmd
                0x0800275c       0x54 ./Core/Src/ext_drivers/adbms6830.o
                0x0800275c                adbms6830_cmd
 .text.adbms6830_wr48
                0x080027b0      0x134 ./Core/Src/ext_drivers/adbms6830.o
                0x080027b0                adbms6830_wr48
 .text.adbms6830_rd48
                0x080028e4       0xf8 ./Core/Src/ext_drivers/adbms6830.o
                0x080028e4                adbms6830_rd48
 .text.adbms6830_set_cs
                0x080029dc       0x38 ./Core/Src/ext_drivers/adbms6830.o
                0x080029dc                adbms6830_set_cs
 .text.adbms6830_spi_write_read
                0x08002a14       0x72 ./Core/Src/ext_drivers/adbms6830.o
                0x08002a14                adbms6830_spi_write_read
 .text.adbms6830_us_delay
                0x08002a86       0x32 ./Core/Src/ext_drivers/adbms6830.o
                0x08002a86                adbms6830_us_delay
 .text.adbms6830_adcv
                0x08002ab8       0x74 ./Core/Src/ext_drivers/adbms6830.o
                0x08002ab8                adbms6830_adcv
 .text.adbms6830_start_adc_cell_voltage_measurement
                0x08002b2c       0x24 ./Core/Src/ext_drivers/adbms6830.o
                0x08002b2c                adbms6830_start_adc_cell_voltage_measurement
 .text.adbms6830_parse_cell
                0x08002b50      0x660 ./Core/Src/ext_drivers/adbms6830.o
                0x08002b50                adbms6830_parse_cell
 .text.adbms6830_read_cell_voltages
                0x080031b0       0xdc ./Core/Src/ext_drivers/adbms6830.o
                0x080031b0                adbms6830_read_cell_voltages
 .text.adbms6830_parse_aux_gpio
                0x0800328c      0x1ba ./Core/Src/ext_drivers/adbms6830.o
 *fill*         0x08003446        0x2 
 .text.mux_read_gpio_voltage
                0x08003448       0xc8 ./Core/Src/ext_drivers/adbms6830.o
                0x08003448                mux_read_gpio_voltage
 .text.Pec15_Calc
                0x08003510       0x68 ./Core/Src/ext_drivers/adbms_shared.o
                0x08003510                Pec15_Calc
 .text.pec10_calc
                0x08003578       0xd8 ./Core/Src/ext_drivers/adbms_shared.o
                0x08003578                pec10_calc
 .text.canbus_device_init
                0x08003650       0x42 ./Core/Src/ext_drivers/canbus.o
                0x08003650                canbus_device_init
 .text.cli_device_init
                0x08003692       0x42 ./Core/Src/ext_drivers/cli.o
                0x08003692                cli_device_init
 .text.cli_printline
                0x080036d4       0xc8 ./Core/Src/ext_drivers/cli.o
                0x080036d4                cli_printline
 .text.tokenize
                0x0800379c       0x72 ./Core/Src/ext_drivers/cli.o
                0x0800379c                tokenize
 *fill*         0x0800380e        0x2 
 .text.fan_init
                0x08003810       0x58 ./Core/Src/ext_drivers/fans.o
                0x08003810                fan_init
 .text.set_fan_percent
                0x08003868       0x74 ./Core/Src/ext_drivers/fans.o
                0x08003868                set_fan_percent
 .text.stm32f767z_init
                0x080038dc       0x78 ./Core/Src/ext_drivers/stm32f767z.o
                0x080038dc                stm32f767z_init
 .text.adbms_task_start
                0x08003954       0x34 ./Core/Src/tasks/adbms_task.o
                0x08003954                adbms_task_start
 .text.adbms_task_fn
                0x08003988       0x8c ./Core/Src/tasks/adbms_task.o
                0x08003988                adbms_task_fn
 .text.cli_task_start
                0x08003a14       0x34 ./Core/Src/tasks/cli_task.o
                0x08003a14                cli_task_start
 .text.cli_task_fn
                0x08003a48      0x138 ./Core/Src/tasks/cli_task.o
                0x08003a48                cli_task_fn
 .text.cli_handle_cmd
                0x08003b80       0xac ./Core/Src/tasks/cli_task.o
                0x08003b80                cli_handle_cmd
 .text.cmd_not_found
                0x08003c2c       0x60 ./Core/Src/tasks/cli_task.o
                0x08003c2c                cmd_not_found
 .text.help     0x08003c8c       0x9c ./Core/Src/tasks/cli_task.o
                0x08003c8c                help
 .text.get_faults
                0x08003d28      0x104 ./Core/Src/tasks/cli_task.o
                0x08003d28                get_faults
 .text.get_voltage
                0x08003e2c      0x120 ./Core/Src/tasks/cli_task.o
                0x08003e2c                get_voltage
 .text.get_temperature
                0x08003f4c      0x220 ./Core/Src/tasks/cli_task.o
                0x08003f4c                get_temperature
 .text.get_temperature_sensor
                0x0800416c      0x280 ./Core/Src/tasks/cli_task.o
                0x0800416c                get_temperature_sensor
 .text.get_version
                0x080043ec       0x48 ./Core/Src/tasks/cli_task.o
                0x080043ec                get_version
 .text.error_task_start
                0x08004434       0x30 ./Core/Src/tasks/error_task.o
                0x08004434                error_task_start
 .text.error_task_fn
                0x08004464       0x80 ./Core/Src/tasks/error_task.o
                0x08004464                error_task_fn
 .text.fan_task_start
                0x080044e4       0x30 ./Core/Src/tasks/fan_task.o
                0x080044e4                fan_task_start
 .text.fan_task_fn
                0x08004514       0x4c ./Core/Src/tasks/fan_task.o
                0x08004514                fan_task_fn
 .text.Reset_Handler
                0x08004560       0x50 ./Core/Startup/startup_stm32f767zitx.o
                0x08004560                Reset_Handler
 .text.Default_Handler
                0x080045b0        0x2 ./Core/Startup/startup_stm32f767zitx.o
                0x080045b0                RTC_Alarm_IRQHandler
                0x080045b0                EXTI2_IRQHandler
                0x080045b0                TIM8_CC_IRQHandler
                0x080045b0                UART8_IRQHandler
                0x080045b0                SPI4_IRQHandler
                0x080045b0                TIM1_CC_IRQHandler
                0x080045b0                DMA2_Stream5_IRQHandler
                0x080045b0                JPEG_IRQHandler
                0x080045b0                DMA1_Stream5_IRQHandler
                0x080045b0                CAN3_RX1_IRQHandler
                0x080045b0                PVD_IRQHandler
                0x080045b0                TAMP_STAMP_IRQHandler
                0x080045b0                CAN2_RX1_IRQHandler
                0x080045b0                EXTI3_IRQHandler
                0x080045b0                TIM8_TRG_COM_TIM14_IRQHandler
                0x080045b0                DFSDM1_FLT1_IRQHandler
                0x080045b0                TIM1_UP_TIM10_IRQHandler
                0x080045b0                TIM8_UP_TIM13_IRQHandler
                0x080045b0                I2C3_ER_IRQHandler
                0x080045b0                DFSDM1_FLT2_IRQHandler
                0x080045b0                EXTI0_IRQHandler
                0x080045b0                I2C2_EV_IRQHandler
                0x080045b0                DMA1_Stream2_IRQHandler
                0x080045b0                FPU_IRQHandler
                0x080045b0                OTG_HS_WKUP_IRQHandler
                0x080045b0                CAN3_SCE_IRQHandler
                0x080045b0                LTDC_ER_IRQHandler
                0x080045b0                CAN2_SCE_IRQHandler
                0x080045b0                DMA2_Stream2_IRQHandler
                0x080045b0                SPI1_IRQHandler
                0x080045b0                TIM6_DAC_IRQHandler
                0x080045b0                TIM1_BRK_TIM9_IRQHandler
                0x080045b0                DCMI_IRQHandler
                0x080045b0                CAN2_RX0_IRQHandler
                0x080045b0                DMA2_Stream3_IRQHandler
                0x080045b0                SAI2_IRQHandler
                0x080045b0                DFSDM1_FLT3_IRQHandler
                0x080045b0                USART6_IRQHandler
                0x080045b0                CAN3_RX0_IRQHandler
                0x080045b0                CAN1_RX1_IRQHandler
                0x080045b0                UART5_IRQHandler
                0x080045b0                DMA2_Stream0_IRQHandler
                0x080045b0                TIM4_IRQHandler
                0x080045b0                QUADSPI_IRQHandler
                0x080045b0                I2C1_EV_IRQHandler
                0x080045b0                DMA1_Stream6_IRQHandler
                0x080045b0                DMA1_Stream1_IRQHandler
                0x080045b0                UART4_IRQHandler
                0x080045b0                TIM3_IRQHandler
                0x080045b0                RCC_IRQHandler
                0x080045b0                TIM8_BRK_TIM12_IRQHandler
                0x080045b0                Default_Handler
                0x080045b0                CEC_IRQHandler
                0x080045b0                EXTI15_10_IRQHandler
                0x080045b0                ADC_IRQHandler
                0x080045b0                DMA1_Stream7_IRQHandler
                0x080045b0                SPI5_IRQHandler
                0x080045b0                SDMMC1_IRQHandler
                0x080045b0                CAN2_TX_IRQHandler
                0x080045b0                TIM5_IRQHandler
                0x080045b0                DMA2_Stream7_IRQHandler
                0x080045b0                I2C3_EV_IRQHandler
                0x080045b0                EXTI9_5_IRQHandler
                0x080045b0                RTC_WKUP_IRQHandler
                0x080045b0                LTDC_IRQHandler
                0x080045b0                ETH_WKUP_IRQHandler
                0x080045b0                SPDIF_RX_IRQHandler
                0x080045b0                SPI2_IRQHandler
                0x080045b0                OTG_HS_EP1_IN_IRQHandler
                0x080045b0                DMA1_Stream0_IRQHandler
                0x080045b0                CAN1_TX_IRQHandler
                0x080045b0                EXTI4_IRQHandler
                0x080045b0                RNG_IRQHandler
                0x080045b0                ETH_IRQHandler
                0x080045b0                OTG_HS_EP1_OUT_IRQHandler
                0x080045b0                WWDG_IRQHandler
                0x080045b0                SPI6_IRQHandler
                0x080045b0                MDIOS_IRQHandler
                0x080045b0                I2C4_EV_IRQHandler
                0x080045b0                CAN3_TX_IRQHandler
                0x080045b0                OTG_FS_WKUP_IRQHandler
                0x080045b0                TIM1_TRG_COM_TIM11_IRQHandler
                0x080045b0                OTG_HS_IRQHandler
                0x080045b0                DMA2D_IRQHandler
                0x080045b0                EXTI1_IRQHandler
                0x080045b0                SDMMC2_IRQHandler
                0x080045b0                UART7_IRQHandler
                0x080045b0                USART2_IRQHandler
                0x080045b0                DFSDM1_FLT0_IRQHandler
                0x080045b0                I2C2_ER_IRQHandler
                0x080045b0                DMA2_Stream1_IRQHandler
                0x080045b0                CAN1_SCE_IRQHandler
                0x080045b0                FLASH_IRQHandler
                0x080045b0                DMA2_Stream4_IRQHandler
                0x080045b0                USART1_IRQHandler
                0x080045b0                OTG_FS_IRQHandler
                0x080045b0                SPI3_IRQHandler
                0x080045b0                DMA1_Stream4_IRQHandler
                0x080045b0                I2C1_ER_IRQHandler
                0x080045b0                FMC_IRQHandler
                0x080045b0                LPTIM1_IRQHandler
                0x080045b0                I2C4_ER_IRQHandler
                0x080045b0                DMA2_Stream6_IRQHandler
                0x080045b0                SAI1_IRQHandler
                0x080045b0                DMA1_Stream3_IRQHandler
 .text.HAL_Init
                0x080045b2       0x1a ./Drivers/STM32F7xx_HAL_Driver/Src/stm32f7xx_hal.o
                0x080045b2                HAL_Init
 .text.HAL_IncTick
                0x080045cc       0x28 ./Drivers/STM32F7xx_HAL_Driver/Src/stm32f7xx_hal.o
                0x080045cc                HAL_IncTick
 .text.HAL_GetTick
                0x080045f4       0x18 ./Drivers/STM32F7xx_HAL_Driver/Src/stm32f7xx_hal.o
                0x080045f4                HAL_GetTick
 .text.HAL_ADC_Init
                0x0800460c       0x88 ./Drivers/STM32F7xx_HAL_Driver/Src/stm32f7xx_hal_adc.o
                0x0800460c                HAL_ADC_Init
 .text.HAL_ADC_ConfigChannel
                0x08004694      0x2ac ./Drivers/STM32F7xx_HAL_Driver/Src/stm32f7xx_hal_adc.o
                0x08004694                HAL_ADC_ConfigChannel
 .text.ADC_Init
                0x08004940      0x1f4 ./Drivers/STM32F7xx_HAL_Driver/Src/stm32f7xx_hal_adc.o
 .text.HAL_CAN_Init
                0x08004b34      0x1f6 ./Drivers/STM32F7xx_HAL_Driver/Src/stm32f7xx_hal_can.o
                0x08004b34                HAL_CAN_Init
 .text.HAL_CAN_Start
                0x08004d2a       0x88 ./Drivers/STM32F7xx_HAL_Driver/Src/stm32f7xx_hal_can.o
                0x08004d2a                HAL_CAN_Start
 .text.HAL_CAN_IRQHandler
                0x08004db2      0x36e ./Drivers/STM32F7xx_HAL_Driver/Src/stm32f7xx_hal_can.o
                0x08004db2                HAL_CAN_IRQHandler
 .text.HAL_CAN_TxMailbox0CompleteCallback
                0x08005120       0x14 ./Drivers/STM32F7xx_HAL_Driver/Src/stm32f7xx_hal_can.o
                0x08005120                HAL_CAN_TxMailbox0CompleteCallback
 .text.HAL_CAN_TxMailbox1CompleteCallback
                0x08005134       0x14 ./Drivers/STM32F7xx_HAL_Driver/Src/stm32f7xx_hal_can.o
                0x08005134                HAL_CAN_TxMailbox1CompleteCallback
 .text.HAL_CAN_TxMailbox2CompleteCallback
                0x08005148       0x14 ./Drivers/STM32F7xx_HAL_Driver/Src/stm32f7xx_hal_can.o
                0x08005148                HAL_CAN_TxMailbox2CompleteCallback
 .text.HAL_CAN_TxMailbox0AbortCallback
                0x0800515c       0x14 ./Drivers/STM32F7xx_HAL_Driver/Src/stm32f7xx_hal_can.o
                0x0800515c                HAL_CAN_TxMailbox0AbortCallback
 .text.HAL_CAN_TxMailbox1AbortCallback
                0x08005170       0x14 ./Drivers/STM32F7xx_HAL_Driver/Src/stm32f7xx_hal_can.o
                0x08005170                HAL_CAN_TxMailbox1AbortCallback
 .text.HAL_CAN_TxMailbox2AbortCallback
                0x08005184       0x14 ./Drivers/STM32F7xx_HAL_Driver/Src/stm32f7xx_hal_can.o
                0x08005184                HAL_CAN_TxMailbox2AbortCallback
 .text.HAL_CAN_RxFifo0MsgPendingCallback
                0x08005198       0x14 ./Drivers/STM32F7xx_HAL_Driver/Src/stm32f7xx_hal_can.o
                0x08005198                HAL_CAN_RxFifo0MsgPendingCallback
 .text.HAL_CAN_RxFifo0FullCallback
                0x080051ac       0x14 ./Drivers/STM32F7xx_HAL_Driver/Src/stm32f7xx_hal_can.o
                0x080051ac                HAL_CAN_RxFifo0FullCallback
 .text.HAL_CAN_RxFifo1MsgPendingCallback
                0x080051c0       0x14 ./Drivers/STM32F7xx_HAL_Driver/Src/stm32f7xx_hal_can.o
                0x080051c0                HAL_CAN_RxFifo1MsgPendingCallback
 .text.HAL_CAN_RxFifo1FullCallback
                0x080051d4       0x14 ./Drivers/STM32F7xx_HAL_Driver/Src/stm32f7xx_hal_can.o
                0x080051d4                HAL_CAN_RxFifo1FullCallback
 .text.HAL_CAN_SleepCallback
                0x080051e8       0x14 ./Drivers/STM32F7xx_HAL_Driver/Src/stm32f7xx_hal_can.o
                0x080051e8                HAL_CAN_SleepCallback
 .text.HAL_CAN_WakeUpFromRxMsgCallback
                0x080051fc       0x14 ./Drivers/STM32F7xx_HAL_Driver/Src/stm32f7xx_hal_can.o
                0x080051fc                HAL_CAN_WakeUpFromRxMsgCallback
 .text.HAL_CAN_ErrorCallback
                0x08005210       0x14 ./Drivers/STM32F7xx_HAL_Driver/Src/stm32f7xx_hal_can.o
                0x08005210                HAL_CAN_ErrorCallback
 .text.__NVIC_SetPriorityGrouping
                0x08005224       0x48 ./Drivers/STM32F7xx_HAL_Driver/Src/stm32f7xx_hal_cortex.o
 .text.__NVIC_GetPriorityGrouping
                0x0800526c       0x1c ./Drivers/STM32F7xx_HAL_Driver/Src/stm32f7xx_hal_cortex.o
 .text.__NVIC_EnableIRQ
                0x08005288       0x3c ./Drivers/STM32F7xx_HAL_Driver/Src/stm32f7xx_hal_cortex.o
 .text.__NVIC_SetPriority
                0x080052c4       0x54 ./Drivers/STM32F7xx_HAL_Driver/Src/stm32f7xx_hal_cortex.o
 .text.NVIC_EncodePriority
                0x08005318       0x66 ./Drivers/STM32F7xx_HAL_Driver/Src/stm32f7xx_hal_cortex.o
 .text.HAL_NVIC_SetPriorityGrouping
                0x0800537e       0x16 ./Drivers/STM32F7xx_HAL_Driver/Src/stm32f7xx_hal_cortex.o
                0x0800537e                HAL_NVIC_SetPriorityGrouping
 .text.HAL_NVIC_SetPriority
                0x08005394       0x38 ./Drivers/STM32F7xx_HAL_Driver/Src/stm32f7xx_hal_cortex.o
                0x08005394                HAL_NVIC_SetPriority
 .text.HAL_NVIC_EnableIRQ
                0x080053cc       0x1c ./Drivers/STM32F7xx_HAL_Driver/Src/stm32f7xx_hal_cortex.o
                0x080053cc                HAL_NVIC_EnableIRQ
 .text.HAL_DMA_Abort
                0x080053e8       0xe0 ./Drivers/STM32F7xx_HAL_Driver/Src/stm32f7xx_hal_dma.o
                0x080053e8                HAL_DMA_Abort
 .text.HAL_DMA_Abort_IT
                0x080054c8       0x44 ./Drivers/STM32F7xx_HAL_Driver/Src/stm32f7xx_hal_dma.o
                0x080054c8                HAL_DMA_Abort_IT
 .text.HAL_GPIO_Init
                0x0800550c      0x358 ./Drivers/STM32F7xx_HAL_Driver/Src/stm32f7xx_hal_gpio.o
                0x0800550c                HAL_GPIO_Init
 .text.HAL_GPIO_ReadPin
                0x08005864       0x30 ./Drivers/STM32F7xx_HAL_Driver/Src/stm32f7xx_hal_gpio.o
                0x08005864                HAL_GPIO_ReadPin
 .text.HAL_GPIO_WritePin
                0x08005894       0x32 ./Drivers/STM32F7xx_HAL_Driver/Src/stm32f7xx_hal_gpio.o
                0x08005894                HAL_GPIO_WritePin
 *fill*         0x080058c6        0x2 
 .text.HAL_PWR_EnableBkUpAccess
                0x080058c8       0x20 ./Drivers/STM32F7xx_HAL_Driver/Src/stm32f7xx_hal_pwr.o
                0x080058c8                HAL_PWR_EnableBkUpAccess
 .text.HAL_PWREx_EnableOverDrive
                0x080058e8       0xa0 ./Drivers/STM32F7xx_HAL_Driver/Src/stm32f7xx_hal_pwr_ex.o
                0x080058e8                HAL_PWREx_EnableOverDrive
 .text.HAL_RCC_OscConfig
                0x08005988      0x55c ./Drivers/STM32F7xx_HAL_Driver/Src/stm32f7xx_hal_rcc.o
                0x08005988                HAL_RCC_OscConfig
 .text.HAL_RCC_ClockConfig
                0x08005ee4      0x1d8 ./Drivers/STM32F7xx_HAL_Driver/Src/stm32f7xx_hal_rcc.o
                0x08005ee4                HAL_RCC_ClockConfig
 .text.HAL_RCC_GetSysClockFreq
                0x080060bc      0x20c ./Drivers/STM32F7xx_HAL_Driver/Src/stm32f7xx_hal_rcc.o
                0x080060bc                HAL_RCC_GetSysClockFreq
 .text.HAL_RCC_GetHCLKFreq
                0x080062c8       0x18 ./Drivers/STM32F7xx_HAL_Driver/Src/stm32f7xx_hal_rcc.o
                0x080062c8                HAL_RCC_GetHCLKFreq
 .text.HAL_RCC_GetPCLK1Freq
                0x080062e0       0x28 ./Drivers/STM32F7xx_HAL_Driver/Src/stm32f7xx_hal_rcc.o
                0x080062e0                HAL_RCC_GetPCLK1Freq
 .text.HAL_RCC_GetPCLK2Freq
                0x08006308       0x28 ./Drivers/STM32F7xx_HAL_Driver/Src/stm32f7xx_hal_rcc.o
                0x08006308                HAL_RCC_GetPCLK2Freq
 .text.HAL_RCC_GetClockConfig
                0x08006330       0x64 ./Drivers/STM32F7xx_HAL_Driver/Src/stm32f7xx_hal_rcc.o
                0x08006330                HAL_RCC_GetClockConfig
 .text.HAL_RCCEx_PeriphCLKConfig
                0x08006394      0x850 ./Drivers/STM32F7xx_HAL_Driver/Src/stm32f7xx_hal_rcc_ex.o
                0x08006394                HAL_RCCEx_PeriphCLKConfig
 .text.HAL_SPI_Init
                0x08006be4      0x156 ./Drivers/STM32F7xx_HAL_Driver/Src/stm32f7xx_hal_spi.o
                0x08006be4                HAL_SPI_Init
 .text.HAL_SPI_Transmit
                0x08006d3a      0x2ea ./Drivers/STM32F7xx_HAL_Driver/Src/stm32f7xx_hal_spi.o
                0x08006d3a                HAL_SPI_Transmit
 .text.HAL_SPI_Receive
                0x08007024      0x26e ./Drivers/STM32F7xx_HAL_Driver/Src/stm32f7xx_hal_spi.o
                0x08007024                HAL_SPI_Receive
 .text.HAL_SPI_TransmitReceive
                0x08007292      0x444 ./Drivers/STM32F7xx_HAL_Driver/Src/stm32f7xx_hal_spi.o
                0x08007292                HAL_SPI_TransmitReceive
 *fill*         0x080076d6        0x2 
 .text.SPI_WaitFlagStateUntilTimeout
                0x080076d8      0x110 ./Drivers/STM32F7xx_HAL_Driver/Src/stm32f7xx_hal_spi.o
 .text.SPI_WaitFifoStateUntilTimeout
                0x080077e8      0x12c ./Drivers/STM32F7xx_HAL_Driver/Src/stm32f7xx_hal_spi.o
 .text.SPI_EndRxTransaction
                0x08007914       0xf8 ./Drivers/STM32F7xx_HAL_Driver/Src/stm32f7xx_hal_spi.o
 .text.SPI_EndRxTxTransaction
                0x08007a0c       0xd4 ./Drivers/STM32F7xx_HAL_Driver/Src/stm32f7xx_hal_spi.o
 .text.HAL_TIM_Base_Init
                0x08007ae0       0xae ./Drivers/STM32F7xx_HAL_Driver/Src/stm32f7xx_hal_tim.o
                0x08007ae0                HAL_TIM_Base_Init
 *fill*         0x08007b8e        0x2 
 .text.HAL_TIM_Base_Start
                0x08007b90       0xe0 ./Drivers/STM32F7xx_HAL_Driver/Src/stm32f7xx_hal_tim.o
                0x08007b90                HAL_TIM_Base_Start
 .text.HAL_TIM_Base_Start_IT
                0x08007c70       0xf0 ./Drivers/STM32F7xx_HAL_Driver/Src/stm32f7xx_hal_tim.o
                0x08007c70                HAL_TIM_Base_Start_IT
 .text.HAL_TIM_PWM_Init
                0x08007d60       0xae ./Drivers/STM32F7xx_HAL_Driver/Src/stm32f7xx_hal_tim.o
                0x08007d60                HAL_TIM_PWM_Init
 .text.HAL_TIM_PWM_MspInit
                0x08007e0e       0x14 ./Drivers/STM32F7xx_HAL_Driver/Src/stm32f7xx_hal_tim.o
                0x08007e0e                HAL_TIM_PWM_MspInit
 *fill*         0x08007e22        0x2 
 .text.HAL_TIM_PWM_Start
                0x08007e24      0x1f4 ./Drivers/STM32F7xx_HAL_Driver/Src/stm32f7xx_hal_tim.o
                0x08007e24                HAL_TIM_PWM_Start
 .text.HAL_TIM_IC_Init
                0x08008018       0xae ./Drivers/STM32F7xx_HAL_Driver/Src/stm32f7xx_hal_tim.o
                0x08008018                HAL_TIM_IC_Init
 .text.HAL_TIM_IC_MspInit
                0x080080c6       0x14 ./Drivers/STM32F7xx_HAL_Driver/Src/stm32f7xx_hal_tim.o
                0x080080c6                HAL_TIM_IC_MspInit
 .text.HAL_TIM_IRQHandler
                0x080080da      0x20e ./Drivers/STM32F7xx_HAL_Driver/Src/stm32f7xx_hal_tim.o
                0x080080da                HAL_TIM_IRQHandler
 .text.HAL_TIM_IC_ConfigChannel
                0x080082e8      0x138 ./Drivers/STM32F7xx_HAL_Driver/Src/stm32f7xx_hal_tim.o
                0x080082e8                HAL_TIM_IC_ConfigChannel
 .text.HAL_TIM_PWM_ConfigChannel
                0x08008420      0x228 ./Drivers/STM32F7xx_HAL_Driver/Src/stm32f7xx_hal_tim.o
                0x08008420                HAL_TIM_PWM_ConfigChannel
 .text.HAL_TIM_ConfigClockSource
                0x08008648      0x194 ./Drivers/STM32F7xx_HAL_Driver/Src/stm32f7xx_hal_tim.o
                0x08008648                HAL_TIM_ConfigClockSource
 .text.HAL_TIM_SlaveConfigSynchro
                0x080087dc       0x84 ./Drivers/STM32F7xx_HAL_Driver/Src/stm32f7xx_hal_tim.o
                0x080087dc                HAL_TIM_SlaveConfigSynchro
 .text.HAL_TIM_OC_DelayElapsedCallback
                0x08008860       0x14 ./Drivers/STM32F7xx_HAL_Driver/Src/stm32f7xx_hal_tim.o
                0x08008860                HAL_TIM_OC_DelayElapsedCallback
 .text.HAL_TIM_IC_CaptureCallback
                0x08008874       0x14 ./Drivers/STM32F7xx_HAL_Driver/Src/stm32f7xx_hal_tim.o
                0x08008874                HAL_TIM_IC_CaptureCallback
 .text.HAL_TIM_PWM_PulseFinishedCallback
                0x08008888       0x14 ./Drivers/STM32F7xx_HAL_Driver/Src/stm32f7xx_hal_tim.o
                0x08008888                HAL_TIM_PWM_PulseFinishedCallback
 .text.HAL_TIM_TriggerCallback
                0x0800889c       0x14 ./Drivers/STM32F7xx_HAL_Driver/Src/stm32f7xx_hal_tim.o
                0x0800889c                HAL_TIM_TriggerCallback
 .text.TIM_Base_SetConfig
                0x080088b0      0x158 ./Drivers/STM32F7xx_HAL_Driver/Src/stm32f7xx_hal_tim.o
                0x080088b0                TIM_Base_SetConfig
 .text.TIM_OC1_SetConfig
                0x08008a08       0xe4 ./Drivers/STM32F7xx_HAL_Driver/Src/stm32f7xx_hal_tim.o
 .text.TIM_OC2_SetConfig
                0x08008aec       0xf0 ./Drivers/STM32F7xx_HAL_Driver/Src/stm32f7xx_hal_tim.o
                0x08008aec                TIM_OC2_SetConfig
 .text.TIM_OC3_SetConfig
                0x08008bdc       0xec ./Drivers/STM32F7xx_HAL_Driver/Src/stm32f7xx_hal_tim.o
 .text.TIM_OC4_SetConfig
                0x08008cc8       0xb0 ./Drivers/STM32F7xx_HAL_Driver/Src/stm32f7xx_hal_tim.o
 .text.TIM_OC5_SetConfig
                0x08008d78       0xa4 ./Drivers/STM32F7xx_HAL_Driver/Src/stm32f7xx_hal_tim.o
 .text.TIM_OC6_SetConfig
                0x08008e1c       0xa8 ./Drivers/STM32F7xx_HAL_Driver/Src/stm32f7xx_hal_tim.o
 .text.TIM_SlaveTimer_SetConfig
                0x08008ec4      0x128 ./Drivers/STM32F7xx_HAL_Driver/Src/stm32f7xx_hal_tim.o
 .text.TIM_TI1_SetConfig
                0x08008fec       0xe8 ./Drivers/STM32F7xx_HAL_Driver/Src/stm32f7xx_hal_tim.o
                0x08008fec                TIM_TI1_SetConfig
 .text.TIM_TI1_ConfigInputStage
                0x080090d4       0x5e ./Drivers/STM32F7xx_HAL_Driver/Src/stm32f7xx_hal_tim.o
 .text.TIM_TI2_SetConfig
                0x08009132       0x7a ./Drivers/STM32F7xx_HAL_Driver/Src/stm32f7xx_hal_tim.o
 .text.TIM_TI2_ConfigInputStage
                0x080091ac       0x60 ./Drivers/STM32F7xx_HAL_Driver/Src/stm32f7xx_hal_tim.o
 .text.TIM_TI3_SetConfig
                0x0800920c       0x78 ./Drivers/STM32F7xx_HAL_Driver/Src/stm32f7xx_hal_tim.o
 .text.TIM_TI4_SetConfig
                0x08009284       0x7a ./Drivers/STM32F7xx_HAL_Driver/Src/stm32f7xx_hal_tim.o
 .text.TIM_ITRx_SetConfig
                0x080092fe       0x36 ./Drivers/STM32F7xx_HAL_Driver/Src/stm32f7xx_hal_tim.o
 .text.TIM_ETR_SetConfig
                0x08009334       0x40 ./Drivers/STM32F7xx_HAL_Driver/Src/stm32f7xx_hal_tim.o
                0x08009334                TIM_ETR_SetConfig
 .text.TIM_CCxChannelCmd
                0x08009374       0x4a ./Drivers/STM32F7xx_HAL_Driver/Src/stm32f7xx_hal_tim.o
                0x08009374                TIM_CCxChannelCmd
 *fill*         0x080093be        0x2 
 .text.HAL_TIMEx_MasterConfigSynchronization
                0x080093c0      0x11c ./Drivers/STM32F7xx_HAL_Driver/Src/stm32f7xx_hal_tim_ex.o
                0x080093c0                HAL_TIMEx_MasterConfigSynchronization
 .text.HAL_TIMEx_CommutCallback
                0x080094dc       0x14 ./Drivers/STM32F7xx_HAL_Driver/Src/stm32f7xx_hal_tim_ex.o
                0x080094dc                HAL_TIMEx_CommutCallback
 .text.HAL_TIMEx_BreakCallback
                0x080094f0       0x14 ./Drivers/STM32F7xx_HAL_Driver/Src/stm32f7xx_hal_tim_ex.o
                0x080094f0                HAL_TIMEx_BreakCallback
 .text.HAL_TIMEx_Break2Callback
                0x08009504       0x14 ./Drivers/STM32F7xx_HAL_Driver/Src/stm32f7xx_hal_tim_ex.o
                0x08009504                HAL_TIMEx_Break2Callback
 .text.HAL_UART_Init
                0x08009518       0x9c ./Drivers/STM32F7xx_HAL_Driver/Src/stm32f7xx_hal_uart.o
                0x08009518                HAL_UART_Init
 .text.HAL_UART_Transmit
                0x080095b4      0x112 ./Drivers/STM32F7xx_HAL_Driver/Src/stm32f7xx_hal_uart.o
                0x080095b4                HAL_UART_Transmit
 *fill*         0x080096c6        0x2 
 .text.HAL_UART_Transmit_IT
                0x080096c8       0xbc ./Drivers/STM32F7xx_HAL_Driver/Src/stm32f7xx_hal_uart.o
                0x080096c8                HAL_UART_Transmit_IT
 .text.HAL_UART_Receive_IT
                0x08009784       0x88 ./Drivers/STM32F7xx_HAL_Driver/Src/stm32f7xx_hal_uart.o
                0x08009784                HAL_UART_Receive_IT
 .text.HAL_UART_IRQHandler
                0x0800980c      0x5d0 ./Drivers/STM32F7xx_HAL_Driver/Src/stm32f7xx_hal_uart.o
                0x0800980c                HAL_UART_IRQHandler
 .text.HAL_UART_TxCpltCallback
                0x08009ddc       0x14 ./Drivers/STM32F7xx_HAL_Driver/Src/stm32f7xx_hal_uart.o
                0x08009ddc                HAL_UART_TxCpltCallback
 .text.HAL_UART_ErrorCallback
                0x08009df0       0x14 ./Drivers/STM32F7xx_HAL_Driver/Src/stm32f7xx_hal_uart.o
                0x08009df0                HAL_UART_ErrorCallback
 .text.HAL_UARTEx_RxEventCallback
                0x08009e04       0x18 ./Drivers/STM32F7xx_HAL_Driver/Src/stm32f7xx_hal_uart.o
                0x08009e04                HAL_UARTEx_RxEventCallback
 .text.HAL_UARTEx_WakeupCallback
                0x08009e1c       0x14 ./Drivers/STM32F7xx_HAL_Driver/Src/stm32f7xx_hal_uart.o
                0x08009e1c                HAL_UARTEx_WakeupCallback
 .text.UART_SetConfig
                0x08009e30      0x4c8 ./Drivers/STM32F7xx_HAL_Driver/Src/stm32f7xx_hal_uart.o
                0x08009e30                UART_SetConfig
 .text.UART_AdvFeatureConfig
                0x0800a2f8      0x144 ./Drivers/STM32F7xx_HAL_Driver/Src/stm32f7xx_hal_uart.o
                0x0800a2f8                UART_AdvFeatureConfig
 .text.UART_CheckIdleState
                0x0800a43c      0x150 ./Drivers/STM32F7xx_HAL_Driver/Src/stm32f7xx_hal_uart.o
                0x0800a43c                UART_CheckIdleState
 .text.UART_WaitOnFlagUntilTimeout
                0x0800a58c       0xda ./Drivers/STM32F7xx_HAL_Driver/Src/stm32f7xx_hal_uart.o
                0x0800a58c                UART_WaitOnFlagUntilTimeout
 *fill*         0x0800a666        0x2 
 .text.UART_Start_Receive_IT
                0x0800a668      0x18c ./Drivers/STM32F7xx_HAL_Driver/Src/stm32f7xx_hal_uart.o
                0x0800a668                UART_Start_Receive_IT
 .text.UART_EndRxTransfer
                0x0800a7f4       0xc8 ./Drivers/STM32F7xx_HAL_Driver/Src/stm32f7xx_hal_uart.o
 .text.UART_DMAAbortOnError
                0x0800a8bc       0x2c ./Drivers/STM32F7xx_HAL_Driver/Src/stm32f7xx_hal_uart.o
 .text.UART_TxISR_8BIT
                0x0800a8e8       0xb6 ./Drivers/STM32F7xx_HAL_Driver/Src/stm32f7xx_hal_uart.o
 .text.UART_TxISR_16BIT
                0x0800a99e       0xc0 ./Drivers/STM32F7xx_HAL_Driver/Src/stm32f7xx_hal_uart.o
 .text.UART_EndTransmit_IT
                0x0800aa5e       0x54 ./Drivers/STM32F7xx_HAL_Driver/Src/stm32f7xx_hal_uart.o
 .text.UART_RxISR_8BIT
                0x0800aab2      0x1a8 ./Drivers/STM32F7xx_HAL_Driver/Src/stm32f7xx_hal_uart.o
 .text.UART_RxISR_16BIT
                0x0800ac5a      0x1a8 ./Drivers/STM32F7xx_HAL_Driver/Src/stm32f7xx_hal_uart.o
 .text.SVC_Setup
                0x0800ae02        0xe ./Middlewares/Third_Party/FreeRTOS/Source/CMSIS_RTOS_V2/cmsis_os2.o
 .text.osKernelInitialize
                0x0800ae10       0x68 ./Middlewares/Third_Party/FreeRTOS/Source/CMSIS_RTOS_V2/cmsis_os2.o
                0x0800ae10                osKernelInitialize
 .text.osKernelStart
                0x0800ae78       0x6c ./Middlewares/Third_Party/FreeRTOS/Source/CMSIS_RTOS_V2/cmsis_os2.o
                0x0800ae78                osKernelStart
 .text.osKernelGetTickCount
                0x0800aee4       0x50 ./Middlewares/Third_Party/FreeRTOS/Source/CMSIS_RTOS_V2/cmsis_os2.o
                0x0800aee4                osKernelGetTickCount
 .text.osDelay  0x0800af34       0x5c ./Middlewares/Third_Party/FreeRTOS/Source/CMSIS_RTOS_V2/cmsis_os2.o
                0x0800af34                osDelay
 .text.osDelayUntil
                0x0800af90       0x80 ./Middlewares/Third_Party/FreeRTOS/Source/CMSIS_RTOS_V2/cmsis_os2.o
                0x0800af90                osDelayUntil
 .text.vApplicationGetIdleTaskMemory
                0x0800b010       0x34 ./Middlewares/Third_Party/FreeRTOS/Source/CMSIS_RTOS_V2/cmsis_os2.o
                0x0800b010                vApplicationGetIdleTaskMemory
 .text.vApplicationGetTimerTaskMemory
                0x0800b044       0x34 ./Middlewares/Third_Party/FreeRTOS/Source/CMSIS_RTOS_V2/cmsis_os2.o
                0x0800b044                vApplicationGetTimerTaskMemory
 .text.vListInitialise
                0x0800b078       0x40 ./Middlewares/Third_Party/FreeRTOS/Source/list.o
                0x0800b078                vListInitialise
 .text.vListInitialiseItem
                0x0800b0b8       0x1a ./Middlewares/Third_Party/FreeRTOS/Source/list.o
                0x0800b0b8                vListInitialiseItem
 .text.vListInsertEnd
                0x0800b0d2       0x48 ./Middlewares/Third_Party/FreeRTOS/Source/list.o
                0x0800b0d2                vListInsertEnd
 .text.vListInsert
                0x0800b11a       0x72 ./Middlewares/Third_Party/FreeRTOS/Source/list.o
                0x0800b11a                vListInsert
 .text.uxListRemove
                0x0800b18c       0x54 ./Middlewares/Third_Party/FreeRTOS/Source/list.o
                0x0800b18c                uxListRemove
 .text.xQueueGenericReset
                0x0800b1e0       0xd8 ./Middlewares/Third_Party/FreeRTOS/Source/queue.o
                0x0800b1e0                xQueueGenericReset
 .text.xQueueGenericCreateStatic
                0x0800b2b8      0x10e ./Middlewares/Third_Party/FreeRTOS/Source/queue.o
                0x0800b2b8                xQueueGenericCreateStatic
 .text.prvInitialiseNewQueue
                0x0800b3c6       0x46 ./Middlewares/Third_Party/FreeRTOS/Source/queue.o
 .text.xQueueGenericSend
                0x0800b40c      0x214 ./Middlewares/Third_Party/FreeRTOS/Source/queue.o
                0x0800b40c                xQueueGenericSend
 .text.xQueueGenericSendFromISR
                0x0800b620      0x146 ./Middlewares/Third_Party/FreeRTOS/Source/queue.o
                0x0800b620                xQueueGenericSendFromISR
 *fill*         0x0800b766        0x2 
 .text.xQueueReceive
                0x0800b768      0x1d0 ./Middlewares/Third_Party/FreeRTOS/Source/queue.o
                0x0800b768                xQueueReceive
 .text.prvCopyDataToQueue
                0x0800b938       0xd4 ./Middlewares/Third_Party/FreeRTOS/Source/queue.o
 .text.prvCopyDataFromQueue
                0x0800ba0c       0x4c ./Middlewares/Third_Party/FreeRTOS/Source/queue.o
 .text.prvUnlockQueue
                0x0800ba58       0xa4 ./Middlewares/Third_Party/FreeRTOS/Source/queue.o
 .text.prvIsQueueEmpty
                0x0800bafc       0x2c ./Middlewares/Third_Party/FreeRTOS/Source/queue.o
 .text.prvIsQueueFull
                0x0800bb28       0x30 ./Middlewares/Third_Party/FreeRTOS/Source/queue.o
 .text.vQueueAddToRegistry
                0x0800bb58       0x54 ./Middlewares/Third_Party/FreeRTOS/Source/queue.o
                0x0800bb58                vQueueAddToRegistry
 .text.vQueueWaitForMessageRestricted
                0x0800bbac       0x68 ./Middlewares/Third_Party/FreeRTOS/Source/queue.o
                0x0800bbac                vQueueWaitForMessageRestricted
 .text.xTaskCreateStatic
                0x0800bc14       0xcc ./Middlewares/Third_Party/FreeRTOS/Source/tasks.o
                0x0800bc14                xTaskCreateStatic
 .text.xTaskCreate
                0x0800bce0       0x8a ./Middlewares/Third_Party/FreeRTOS/Source/tasks.o
                0x0800bce0                xTaskCreate
 *fill*         0x0800bd6a        0x2 
 .text.prvInitialiseNewTask
                0x0800bd6c      0x154 ./Middlewares/Third_Party/FreeRTOS/Source/tasks.o
 .text.prvAddNewTaskToReadyList
                0x0800bec0       0xe0 ./Middlewares/Third_Party/FreeRTOS/Source/tasks.o
 .text.vTaskDelayUntil
                0x0800bfa0      0x10c ./Middlewares/Third_Party/FreeRTOS/Source/tasks.o
                0x0800bfa0                vTaskDelayUntil
 .text.vTaskDelay
                0x0800c0ac       0x70 ./Middlewares/Third_Party/FreeRTOS/Source/tasks.o
                0x0800c0ac                vTaskDelay
 .text.vTaskStartScheduler
                0x0800c11c       0xe8 ./Middlewares/Third_Party/FreeRTOS/Source/tasks.o
                0x0800c11c                vTaskStartScheduler
 .text.vTaskSuspendAll
                0x0800c204       0x1c ./Middlewares/Third_Party/FreeRTOS/Source/tasks.o
                0x0800c204                vTaskSuspendAll
 .text.xTaskResumeAll
                0x0800c220      0x140 ./Middlewares/Third_Party/FreeRTOS/Source/tasks.o
                0x0800c220                xTaskResumeAll
 .text.xTaskGetTickCount
                0x0800c360       0x20 ./Middlewares/Third_Party/FreeRTOS/Source/tasks.o
                0x0800c360                xTaskGetTickCount
 .text.xTaskGetTickCountFromISR
                0x0800c380       0x24 ./Middlewares/Third_Party/FreeRTOS/Source/tasks.o
                0x0800c380                xTaskGetTickCountFromISR
 .text.xTaskIncrementTick
                0x0800c3a4      0x178 ./Middlewares/Third_Party/FreeRTOS/Source/tasks.o
                0x0800c3a4                xTaskIncrementTick
 .text.vTaskSwitchContext
                0x0800c51c       0xd0 ./Middlewares/Third_Party/FreeRTOS/Source/tasks.o
                0x0800c51c                vTaskSwitchContext
 .text.vTaskPlaceOnEventList
                0x0800c5ec       0x50 ./Middlewares/Third_Party/FreeRTOS/Source/tasks.o
                0x0800c5ec                vTaskPlaceOnEventList
 .text.vTaskPlaceOnEventListRestricted
                0x0800c63c       0x5c ./Middlewares/Third_Party/FreeRTOS/Source/tasks.o
                0x0800c63c                vTaskPlaceOnEventListRestricted
 .text.xTaskRemoveFromEventList
                0x0800c698       0xcc ./Middlewares/Third_Party/FreeRTOS/Source/tasks.o
                0x0800c698                xTaskRemoveFromEventList
 .text.vTaskInternalSetTimeOutState
                0x0800c764       0x2c ./Middlewares/Third_Party/FreeRTOS/Source/tasks.o
                0x0800c764                vTaskInternalSetTimeOutState
 .text.xTaskCheckForTimeOut
                0x0800c790       0xd0 ./Middlewares/Third_Party/FreeRTOS/Source/tasks.o
                0x0800c790                xTaskCheckForTimeOut
 .text.vTaskMissedYield
                0x0800c860       0x18 ./Middlewares/Third_Party/FreeRTOS/Source/tasks.o
                0x0800c860                vTaskMissedYield
 .text.prvIdleTask
                0x0800c878       0x30 ./Middlewares/Third_Party/FreeRTOS/Source/tasks.o
 .text.prvInitialiseTaskLists
                0x0800c8a8       0x80 ./Middlewares/Third_Party/FreeRTOS/Source/tasks.o
 .text.prvCheckTasksWaitingTermination
                0x0800c928       0x5c ./Middlewares/Third_Party/FreeRTOS/Source/tasks.o
 .text.prvDeleteTCB
                0x0800c984       0x6e ./Middlewares/Third_Party/FreeRTOS/Source/tasks.o
 *fill*         0x0800c9f2        0x2 
 .text.prvResetNextTaskUnblockTime
                0x0800c9f4       0x40 ./Middlewares/Third_Party/FreeRTOS/Source/tasks.o
 .text.xTaskGetSchedulerState
                0x0800ca34       0x3c ./Middlewares/Third_Party/FreeRTOS/Source/tasks.o
                0x0800ca34                xTaskGetSchedulerState
 .text.xTaskPriorityDisinherit
                0x0800ca70       0xe8 ./Middlewares/Third_Party/FreeRTOS/Source/tasks.o
                0x0800ca70                xTaskPriorityDisinherit
 .text.prvAddCurrentTaskToDelayedList
                0x0800cb58       0xa8 ./Middlewares/Third_Party/FreeRTOS/Source/tasks.o
 .text.xTimerCreateTimerTask
                0x0800cc00       0x98 ./Middlewares/Third_Party/FreeRTOS/Source/timers.o
                0x0800cc00                xTimerCreateTimerTask
 .text.xTimerGenericCommand
                0x0800cc98       0xa0 ./Middlewares/Third_Party/FreeRTOS/Source/timers.o
                0x0800cc98                xTimerGenericCommand
 .text.prvProcessExpiredTimer
                0x0800cd38       0xa0 ./Middlewares/Third_Party/FreeRTOS/Source/timers.o
 .text.prvTimerTask
                0x0800cdd8       0x26 ./Middlewares/Third_Party/FreeRTOS/Source/timers.o
 *fill*         0x0800cdfe        0x2 
 .text.prvProcessTimerOrBlockTask
                0x0800ce00       0x9c ./Middlewares/Third_Party/FreeRTOS/Source/timers.o
 .text.prvGetNextExpireTime
                0x0800ce9c       0x48 ./Middlewares/Third_Party/FreeRTOS/Source/timers.o
 .text.prvSampleTimeNow
                0x0800cee4       0x40 ./Middlewares/Third_Party/FreeRTOS/Source/timers.o
 .text.prvInsertTimerInActiveList
                0x0800cf24       0x84 ./Middlewares/Third_Party/FreeRTOS/Source/timers.o
 .text.prvProcessReceivedCommands
                0x0800cfa8      0x1d8 ./Middlewares/Third_Party/FreeRTOS/Source/timers.o
 .text.prvSwitchTimerLists
                0x0800d180       0xd0 ./Middlewares/Third_Party/FreeRTOS/Source/timers.o
 .text.prvCheckForValidListAndQueue
                0x0800d250       0x80 ./Middlewares/Third_Party/FreeRTOS/Source/timers.o
 .text.pxPortInitialiseStack
                0x0800d2d0       0x68 ./Middlewares/Third_Party/FreeRTOS/Source/portable/GCC/ARM_CM7/r0p1/port.o
                0x0800d2d0                pxPortInitialiseStack
 .text.prvTaskExitError
                0x0800d338       0x64 ./Middlewares/Third_Party/FreeRTOS/Source/portable/GCC/ARM_CM7/r0p1/port.o
 *fill*         0x0800d39c        0x4 
 .text.SVC_Handler
                0x0800d3a0       0x28 ./Middlewares/Third_Party/FreeRTOS/Source/portable/GCC/ARM_CM7/r0p1/port.o
                0x0800d3a0                SVC_Handler
 .text.prvPortStartFirstTask
                0x0800d3c8       0x28 ./Middlewares/Third_Party/FreeRTOS/Source/portable/GCC/ARM_CM7/r0p1/port.o
 .text.xPortStartScheduler
                0x0800d3f0       0xfc ./Middlewares/Third_Party/FreeRTOS/Source/portable/GCC/ARM_CM7/r0p1/port.o
                0x0800d3f0                xPortStartScheduler
 .text.vPortEnterCritical
                0x0800d4ec       0x6c ./Middlewares/Third_Party/FreeRTOS/Source/portable/GCC/ARM_CM7/r0p1/port.o
                0x0800d4ec                vPortEnterCritical
 .text.vPortExitCritical
                0x0800d558       0x58 ./Middlewares/Third_Party/FreeRTOS/Source/portable/GCC/ARM_CM7/r0p1/port.o
                0x0800d558                vPortExitCritical
 .text.PendSV_Handler
                0x0800d5b0       0x68 ./Middlewares/Third_Party/FreeRTOS/Source/portable/GCC/ARM_CM7/r0p1/port.o
                0x0800d5b0                PendSV_Handler
 .text.SysTick_Handler
                0x0800d618       0x48 ./Middlewares/Third_Party/FreeRTOS/Source/portable/GCC/ARM_CM7/r0p1/port.o
                0x0800d618                SysTick_Handler
 .text.vPortSetupTimerInterrupt
                0x0800d660       0x48 ./Middlewares/Third_Party/FreeRTOS/Source/portable/GCC/ARM_CM7/r0p1/port.o
                0x0800d660                vPortSetupTimerInterrupt
 .text.vPortEnableVFP
                0x0800d6a8       0x14 ./Middlewares/Third_Party/FreeRTOS/Source/portable/GCC/ARM_CM7/r0p1/port.o
 .text.vPortValidateInterruptPriority
                0x0800d6bc       0x8c ./Middlewares/Third_Party/FreeRTOS/Source/portable/GCC/ARM_CM7/r0p1/port.o
                0x0800d6bc                vPortValidateInterruptPriority
 .text.pvPortMalloc
                0x0800d748      0x19c ./Middlewares/Third_Party/FreeRTOS/Source/portable/MemMang/heap_4.o
                0x0800d748                pvPortMalloc
 .text.vPortFree
                0x0800d8e4       0xc0 ./Middlewares/Third_Party/FreeRTOS/Source/portable/MemMang/heap_4.o
                0x0800d8e4                vPortFree
 .text.prvHeapInit
                0x0800d9a4       0xc4 ./Middlewares/Third_Party/FreeRTOS/Source/portable/MemMang/heap_4.o
 .text.prvInsertBlockIntoFreeList
                0x0800da68       0xb4 ./Middlewares/Third_Party/FreeRTOS/Source/portable/MemMang/heap_4.o
 .text.__assert_func
                0x0800db1c       0x3c C:/ST/STM32CubeIDE_2.2.0/STM32CubeIDE/plugins/com.st.stm32cube.ide.mcu.externaltools.gnu-tools-for-stm32.14.3.rel1.win32_1.0.100.202602081740/tools/bin/../lib/gcc/arm-none-eabi/14.3.1/../../../../arm-none-eabi/lib/thumb/v7e-m+dp/hard\libc_nano.a(libc_a-assert.o)
                0x0800db1c                __assert_func
 .text.atoi     0x0800db58        0x8 C:/ST/STM32CubeIDE_2.2.0/STM32CubeIDE/plugins/com.st.stm32cube.ide.mcu.externaltools.gnu-tools-for-stm32.14.3.rel1.win32_1.0.100.202602081740/tools/bin/../lib/gcc/arm-none-eabi/14.3.1/../../../../arm-none-eabi/lib/thumb/v7e-m+dp/hard\libc_nano.a(libc_a-atoi.o)
                0x0800db58                atoi
 .text._strtol_l.isra.0
                0x0800db60       0xf4 C:/ST/STM32CubeIDE_2.2.0/STM32CubeIDE/plugins/com.st.stm32cube.ide.mcu.externaltools.gnu-tools-for-stm32.14.3.rel1.win32_1.0.100.202602081740/tools/bin/../lib/gcc/arm-none-eabi/14.3.1/../../../../arm-none-eabi/lib/thumb/v7e-m+dp/hard\libc_nano.a(libc_a-strtol.o)
 .text.strtol   0x0800dc54       0x14 C:/ST/STM32CubeIDE_2.2.0/STM32CubeIDE/plugins/com.st.stm32cube.ide.mcu.externaltools.gnu-tools-for-stm32.14.3.rel1.win32_1.0.100.202602081740/tools/bin/../lib/gcc/arm-none-eabi/14.3.1/../../../../arm-none-eabi/lib/thumb/v7e-m+dp/hard\libc_nano.a(libc_a-strtol.o)
                0x0800dc54                strtol
 .text.std      0x0800dc68       0x6c C:/ST/STM32CubeIDE_2.2.0/STM32CubeIDE/plugins/com.st.stm32cube.ide.mcu.externaltools.gnu-tools-for-stm32.14.3.rel1.win32_1.0.100.202602081740/tools/bin/../lib/gcc/arm-none-eabi/14.3.1/../../../../arm-none-eabi/lib/thumb/v7e-m+dp/hard\libc_nano.a(libc_a-findfp.o)
 .text.stdio_exit_handler
                0x0800dcd4       0x18 C:/ST/STM32CubeIDE_2.2.0/STM32CubeIDE/plugins/com.st.stm32cube.ide.mcu.externaltools.gnu-tools-for-stm32.14.3.rel1.win32_1.0.100.202602081740/tools/bin/../lib/gcc/arm-none-eabi/14.3.1/../../../../arm-none-eabi/lib/thumb/v7e-m+dp/hard\libc_nano.a(libc_a-findfp.o)
 .text.cleanup_stdio
                0x0800dcec       0x40 C:/ST/STM32CubeIDE_2.2.0/STM32CubeIDE/plugins/com.st.stm32cube.ide.mcu.externaltools.gnu-tools-for-stm32.14.3.rel1.win32_1.0.100.202602081740/tools/bin/../lib/gcc/arm-none-eabi/14.3.1/../../../../arm-none-eabi/lib/thumb/v7e-m+dp/hard\libc_nano.a(libc_a-findfp.o)
 .text.global_stdio_init.part.0
                0x0800dd2c       0x40 C:/ST/STM32CubeIDE_2.2.0/STM32CubeIDE/plugins/com.st.stm32cube.ide.mcu.externaltools.gnu-tools-for-stm32.14.3.rel1.win32_1.0.100.202602081740/tools/bin/../lib/gcc/arm-none-eabi/14.3.1/../../../../arm-none-eabi/lib/thumb/v7e-m+dp/hard\libc_nano.a(libc_a-findfp.o)
 .text.__sfp_lock_acquire
                0x0800dd6c        0xc C:/ST/STM32CubeIDE_2.2.0/STM32CubeIDE/plugins/com.st.stm32cube.ide.mcu.externaltools.gnu-tools-for-stm32.14.3.rel1.win32_1.0.100.202602081740/tools/bin/../lib/gcc/arm-none-eabi/14.3.1/../../../../arm-none-eabi/lib/thumb/v7e-m+dp/hard\libc_nano.a(libc_a-findfp.o)
                0x0800dd6c                __sfp_lock_acquire
 .text.__sfp_lock_release
                0x0800dd78        0xc C:/ST/STM32CubeIDE_2.2.0/STM32CubeIDE/plugins/com.st.stm32cube.ide.mcu.externaltools.gnu-tools-for-stm32.14.3.rel1.win32_1.0.100.202602081740/tools/bin/../lib/gcc/arm-none-eabi/14.3.1/../../../../arm-none-eabi/lib/thumb/v7e-m+dp/hard\libc_nano.a(libc_a-findfp.o)
                0x0800dd78                __sfp_lock_release
 .text.__sinit  0x0800dd84       0x30 C:/ST/STM32CubeIDE_2.2.0/STM32CubeIDE/plugins/com.st.stm32cube.ide.mcu.externaltools.gnu-tools-for-stm32.14.3.rel1.win32_1.0.100.202602081740/tools/bin/../lib/gcc/arm-none-eabi/14.3.1/../../../../arm-none-eabi/lib/thumb/v7e-m+dp/hard\libc_nano.a(libc_a-findfp.o)
                0x0800dd84                __sinit
 .text.fprintf  0x0800ddb4       0x24 C:/ST/STM32CubeIDE_2.2.0/STM32CubeIDE/plugins/com.st.stm32cube.ide.mcu.externaltools.gnu-tools-for-stm32.14.3.rel1.win32_1.0.100.202602081740/tools/bin/../lib/gcc/arm-none-eabi/14.3.1/../../../../arm-none-eabi/lib/thumb/v7e-m+dp/hard\libc_nano.a(libc_a-fprintf.o)
                0x0800ddb4                fiprintf
                0x0800ddb4                fprintf
 .text._fwalk_sglue
                0x0800ddd8       0x3c C:/ST/STM32CubeIDE_2.2.0/STM32CubeIDE/plugins/com.st.stm32cube.ide.mcu.externaltools.gnu-tools-for-stm32.14.3.rel1.win32_1.0.100.202602081740/tools/bin/../lib/gcc/arm-none-eabi/14.3.1/../../../../arm-none-eabi/lib/thumb/v7e-m+dp/hard\libc_nano.a(libc_a-fwalk.o)
                0x0800ddd8                _fwalk_sglue
 .text.snprintf
                0x0800de14       0x6c C:/ST/STM32CubeIDE_2.2.0/STM32CubeIDE/plugins/com.st.stm32cube.ide.mcu.externaltools.gnu-tools-for-stm32.14.3.rel1.win32_1.0.100.202602081740/tools/bin/../lib/gcc/arm-none-eabi/14.3.1/../../../../arm-none-eabi/lib/thumb/v7e-m+dp/hard\libc_nano.a(libc_a-snprintf.o)
                0x0800de14                sniprintf
                0x0800de14                snprintf
 .text.__sread  0x0800de80       0x22 C:/ST/STM32CubeIDE_2.2.0/STM32CubeIDE/plugins/com.st.stm32cube.ide.mcu.externaltools.gnu-tools-for-stm32.14.3.rel1.win32_1.0.100.202602081740/tools/bin/../lib/gcc/arm-none-eabi/14.3.1/../../../../arm-none-eabi/lib/thumb/v7e-m+dp/hard\libc_nano.a(libc_a-stdio.o)
                0x0800de80                __sread
 .text.__swrite
                0x0800dea2       0x38 C:/ST/STM32CubeIDE_2.2.0/STM32CubeIDE/plugins/com.st.stm32cube.ide.mcu.externaltools.gnu-tools-for-stm32.14.3.rel1.win32_1.0.100.202602081740/tools/bin/../lib/gcc/arm-none-eabi/14.3.1/../../../../arm-none-eabi/lib/thumb/v7e-m+dp/hard\libc_nano.a(libc_a-stdio.o)
                0x0800dea2                __swrite
 .text.__sseek  0x0800deda       0x26 C:/ST/STM32CubeIDE_2.2.0/STM32CubeIDE/plugins/com.st.stm32cube.ide.mcu.externaltools.gnu-tools-for-stm32.14.3.rel1.win32_1.0.100.202602081740/tools/bin/../lib/gcc/arm-none-eabi/14.3.1/../../../../arm-none-eabi/lib/thumb/v7e-m+dp/hard\libc_nano.a(libc_a-stdio.o)
                0x0800deda                __sseek
 .text.__sclose
                0x0800df00        0x8 C:/ST/STM32CubeIDE_2.2.0/STM32CubeIDE/plugins/com.st.stm32cube.ide.mcu.externaltools.gnu-tools-for-stm32.14.3.rel1.win32_1.0.100.202602081740/tools/bin/../lib/gcc/arm-none-eabi/14.3.1/../../../../arm-none-eabi/lib/thumb/v7e-m+dp/hard\libc_nano.a(libc_a-stdio.o)
                0x0800df00                __sclose
 .text.memset   0x0800df08       0x10 C:/ST/STM32CubeIDE_2.2.0/STM32CubeIDE/plugins/com.st.stm32cube.ide.mcu.externaltools.gnu-tools-for-stm32.14.3.rel1.win32_1.0.100.202602081740/tools/bin/../lib/gcc/arm-none-eabi/14.3.1/../../../../arm-none-eabi/lib/thumb/v7e-m+dp/hard\libc_nano.a(libc_a-memset.o)
                0x0800df08                memset
 .text.strncmp  0x0800df18       0x24 C:/ST/STM32CubeIDE_2.2.0/STM32CubeIDE/plugins/com.st.stm32cube.ide.mcu.externaltools.gnu-tools-for-stm32.14.3.rel1.win32_1.0.100.202602081740/tools/bin/../lib/gcc/arm-none-eabi/14.3.1/../../../../arm-none-eabi/lib/thumb/v7e-m+dp/hard\libc_nano.a(libc_a-strncmp.o)
                0x0800df18                strncmp
 .text.strtok   0x0800df3c       0x7c C:/ST/STM32CubeIDE_2.2.0/STM32CubeIDE/plugins/com.st.stm32cube.ide.mcu.externaltools.gnu-tools-for-stm32.14.3.rel1.win32_1.0.100.202602081740/tools/bin/../lib/gcc/arm-none-eabi/14.3.1/../../../../arm-none-eabi/lib/thumb/v7e-m+dp/hard\libc_nano.a(libc_a-strtok.o)
                0x0800df3c                strtok
 .text.__strtok_r
                0x0800dfb8       0x50 C:/ST/STM32CubeIDE_2.2.0/STM32CubeIDE/plugins/com.st.stm32cube.ide.mcu.externaltools.gnu-tools-for-stm32.14.3.rel1.win32_1.0.100.202602081740/tools/bin/../lib/gcc/arm-none-eabi/14.3.1/../../../../arm-none-eabi/lib/thumb/v7e-m+dp/hard\libc_nano.a(libc_a-strtok_r.o)
                0x0800dfb8                __strtok_r
 .text._close_r
                0x0800e008       0x20 C:/ST/STM32CubeIDE_2.2.0/STM32CubeIDE/plugins/com.st.stm32cube.ide.mcu.externaltools.gnu-tools-for-stm32.14.3.rel1.win32_1.0.100.202602081740/tools/bin/../lib/gcc/arm-none-eabi/14.3.1/../../../../arm-none-eabi/lib/thumb/v7e-m+dp/hard\libc_nano.a(libc_a-closer.o)
                0x0800e008                _close_r
 .text._reclaim_reent
                0x0800e028       0xbc C:/ST/STM32CubeIDE_2.2.0/STM32CubeIDE/plugins/com.st.stm32cube.ide.mcu.externaltools.gnu-tools-for-stm32.14.3.rel1.win32_1.0.100.202602081740/tools/bin/../lib/gcc/arm-none-eabi/14.3.1/../../../../arm-none-eabi/lib/thumb/v7e-m+dp/hard\libc_nano.a(libc_a-reent.o)
                0x0800e028                _reclaim_reent
 .text._lseek_r
                0x0800e0e4       0x24 C:/ST/STM32CubeIDE_2.2.0/STM32CubeIDE/plugins/com.st.stm32cube.ide.mcu.externaltools.gnu-tools-for-stm32.14.3.rel1.win32_1.0.100.202602081740/tools/bin/../lib/gcc/arm-none-eabi/14.3.1/../../../../arm-none-eabi/lib/thumb/v7e-m+dp/hard\libc_nano.a(libc_a-lseekr.o)
                0x0800e0e4                _lseek_r
 .text._read_r  0x0800e108       0x24 C:/ST/STM32CubeIDE_2.2.0/STM32CubeIDE/plugins/com.st.stm32cube.ide.mcu.externaltools.gnu-tools-for-stm32.14.3.rel1.win32_1.0.100.202602081740/tools/bin/../lib/gcc/arm-none-eabi/14.3.1/../../../../arm-none-eabi/lib/thumb/v7e-m+dp/hard\libc_nano.a(libc_a-readr.o)
                0x0800e108                _read_r
 .text._write_r
                0x0800e12c       0x24 C:/ST/STM32CubeIDE_2.2.0/STM32CubeIDE/plugins/com.st.stm32cube.ide.mcu.externaltools.gnu-tools-for-stm32.14.3.rel1.win32_1.0.100.202602081740/tools/bin/../lib/gcc/arm-none-eabi/14.3.1/../../../../arm-none-eabi/lib/thumb/v7e-m+dp/hard\libc_nano.a(libc_a-writer.o)
                0x0800e12c                _write_r
 .text.__errno  0x0800e150        0xc C:/ST/STM32CubeIDE_2.2.0/STM32CubeIDE/plugins/com.st.stm32cube.ide.mcu.externaltools.gnu-tools-for-stm32.14.3.rel1.win32_1.0.100.202602081740/tools/bin/../lib/gcc/arm-none-eabi/14.3.1/../../../../arm-none-eabi/lib/thumb/v7e-m+dp/hard\libc_nano.a(libc_a-errno.o)
                0x0800e150                __errno
 .text.__libc_init_array
                0x0800e15c       0x48 C:/ST/STM32CubeIDE_2.2.0/STM32CubeIDE/plugins/com.st.stm32cube.ide.mcu.externaltools.gnu-tools-for-stm32.14.3.rel1.win32_1.0.100.202602081740/tools/bin/../lib/gcc/arm-none-eabi/14.3.1/../../../../arm-none-eabi/lib/thumb/v7e-m+dp/hard\libc_nano.a(libc_a-init.o)
                0x0800e15c                __libc_init_array
 .text.__retarget_lock_init_recursive
                0x0800e1a4        0x2 C:/ST/STM32CubeIDE_2.2.0/STM32CubeIDE/plugins/com.st.stm32cube.ide.mcu.externaltools.gnu-tools-for-stm32.14.3.rel1.win32_1.0.100.202602081740/tools/bin/../lib/gcc/arm-none-eabi/14.3.1/../../../../arm-none-eabi/lib/thumb/v7e-m+dp/hard\libc_nano.a(libc_a-lock.o)
                0x0800e1a4                __retarget_lock_init_recursive
 .text.__retarget_lock_acquire_recursive
                0x0800e1a6        0x2 C:/ST/STM32CubeIDE_2.2.0/STM32CubeIDE/plugins/com.st.stm32cube.ide.mcu.externaltools.gnu-tools-for-stm32.14.3.rel1.win32_1.0.100.202602081740/tools/bin/../lib/gcc/arm-none-eabi/14.3.1/../../../../arm-none-eabi/lib/thumb/v7e-m+dp/hard\libc_nano.a(libc_a-lock.o)
                0x0800e1a6                __retarget_lock_acquire_recursive
 .text.__retarget_lock_release_recursive
                0x0800e1a8        0x2 C:/ST/STM32CubeIDE_2.2.0/STM32CubeIDE/plugins/com.st.stm32cube.ide.mcu.externaltools.gnu-tools-for-stm32.14.3.rel1.win32_1.0.100.202602081740/tools/bin/../lib/gcc/arm-none-eabi/14.3.1/../../../../arm-none-eabi/lib/thumb/v7e-m+dp/hard\libc_nano.a(libc_a-lock.o)
                0x0800e1a8                __retarget_lock_release_recursive
 .text.memcpy   0x0800e1aa       0x1c C:/ST/STM32CubeIDE_2.2.0/STM32CubeIDE/plugins/com.st.stm32cube.ide.mcu.externaltools.gnu-tools-for-stm32.14.3.rel1.win32_1.0.100.202602081740/tools/bin/../lib/gcc/arm-none-eabi/14.3.1/../../../../arm-none-eabi/lib/thumb/v7e-m+dp/hard\libc_nano.a(libc_a-memcpy-stub.o)
                0x0800e1aa                memcpy
 .text.abort    0x0800e1c6        0xe C:/ST/STM32CubeIDE_2.2.0/STM32CubeIDE/plugins/com.st.stm32cube.ide.mcu.externaltools.gnu-tools-for-stm32.14.3.rel1.win32_1.0.100.202602081740/tools/bin/../lib/gcc/arm-none-eabi/14.3.1/../../../../arm-none-eabi/lib/thumb/v7e-m+dp/hard\libc_nano.a(libc_a-abort.o)
                0x0800e1c6                abort
 .text._free_r  0x0800e1d4       0x94 C:/ST/STM32CubeIDE_2.2.0/STM32CubeIDE/plugins/com.st.stm32cube.ide.mcu.externaltools.gnu-tools-for-stm32.14.3.rel1.win32_1.0.100.202602081740/tools/bin/../lib/gcc/arm-none-eabi/14.3.1/../../../../arm-none-eabi/lib/thumb/v7e-m+dp/hard\libc_nano.a(libc_a-freer.o)
                0x0800e1d4                _free_r
 .text.malloc   0x0800e268       0x10 C:/ST/STM32CubeIDE_2.2.0/STM32CubeIDE/plugins/com.st.stm32cube.ide.mcu.externaltools.gnu-tools-for-stm32.14.3.rel1.win32_1.0.100.202602081740/tools/bin/../lib/gcc/arm-none-eabi/14.3.1/../../../../arm-none-eabi/lib/thumb/v7e-m+dp/hard\libc_nano.a(libc_a-malloc.o)
                0x0800e268                malloc
 .text.sbrk_aligned
                0x0800e278       0x44 C:/ST/STM32CubeIDE_2.2.0/STM32CubeIDE/plugins/com.st.stm32cube.ide.mcu.externaltools.gnu-tools-for-stm32.14.3.rel1.win32_1.0.100.202602081740/tools/bin/../lib/gcc/arm-none-eabi/14.3.1/../../../../arm-none-eabi/lib/thumb/v7e-m+dp/hard\libc_nano.a(libc_a-mallocr.o)
 .text._malloc_r
                0x0800e2bc      0x100 C:/ST/STM32CubeIDE_2.2.0/STM32CubeIDE/plugins/com.st.stm32cube.ide.mcu.externaltools.gnu-tools-for-stm32.14.3.rel1.win32_1.0.100.202602081740/tools/bin/../lib/gcc/arm-none-eabi/14.3.1/../../../../arm-none-eabi/lib/thumb/v7e-m+dp/hard\libc_nano.a(libc_a-mallocr.o)
                0x0800e2bc                _malloc_r
 .text.__malloc_lock
                0x0800e3bc        0xc C:/ST/STM32CubeIDE_2.2.0/STM32CubeIDE/plugins/com.st.stm32cube.ide.mcu.externaltools.gnu-tools-for-stm32.14.3.rel1.win32_1.0.100.202602081740/tools/bin/../lib/gcc/arm-none-eabi/14.3.1/../../../../arm-none-eabi/lib/thumb/v7e-m+dp/hard\libc_nano.a(libc_a-mlock.o)
                0x0800e3bc                __malloc_lock
 .text.__malloc_unlock
                0x0800e3c8        0xc C:/ST/STM32CubeIDE_2.2.0/STM32CubeIDE/plugins/com.st.stm32cube.ide.mcu.externaltools.gnu-tools-for-stm32.14.3.rel1.win32_1.0.100.202602081740/tools/bin/../lib/gcc/arm-none-eabi/14.3.1/../../../../arm-none-eabi/lib/thumb/v7e-m+dp/hard\libc_nano.a(libc_a-mlock.o)
                0x0800e3c8                __malloc_unlock
 .text.__ssputs_r
                0x0800e3d4       0xc0 C:/ST/STM32CubeIDE_2.2.0/STM32CubeIDE/plugins/com.st.stm32cube.ide.mcu.externaltools.gnu-tools-for-stm32.14.3.rel1.win32_1.0.100.202602081740/tools/bin/../lib/gcc/arm-none-eabi/14.3.1/../../../../arm-none-eabi/lib/thumb/v7e-m+dp/hard\libc_nano.a(libc_a-nano-svfprintf.o)
                0x0800e3d4                __ssputs_r
 .text._svfprintf_r
                0x0800e494      0x1f0 C:/ST/STM32CubeIDE_2.2.0/STM32CubeIDE/plugins/com.st.stm32cube.ide.mcu.externaltools.gnu-tools-for-stm32.14.3.rel1.win32_1.0.100.202602081740/tools/bin/../lib/gcc/arm-none-eabi/14.3.1/../../../../arm-none-eabi/lib/thumb/v7e-m+dp/hard\libc_nano.a(libc_a-nano-svfprintf.o)
                0x0800e494                _svfiprintf_r
                0x0800e494                _svfprintf_r
 .text.__sfputc_r
                0x0800e684       0x2e C:/ST/STM32CubeIDE_2.2.0/STM32CubeIDE/plugins/com.st.stm32cube.ide.mcu.externaltools.gnu-tools-for-stm32.14.3.rel1.win32_1.0.100.202602081740/tools/bin/../lib/gcc/arm-none-eabi/14.3.1/../../../../arm-none-eabi/lib/thumb/v7e-m+dp/hard\libc_nano.a(libc_a-nano-vfprintf.o)
 .text.__sfputs_r
                0x0800e6b2       0x24 C:/ST/STM32CubeIDE_2.2.0/STM32CubeIDE/plugins/com.st.stm32cube.ide.mcu.externaltools.gnu-tools-for-stm32.14.3.rel1.win32_1.0.100.202602081740/tools/bin/../lib/gcc/arm-none-eabi/14.3.1/../../../../arm-none-eabi/lib/thumb/v7e-m+dp/hard\libc_nano.a(libc_a-nano-vfprintf.o)
                0x0800e6b2                __sfputs_r
 *fill*         0x0800e6d6        0x2 
 .text._vfprintf_r
                0x0800e6d8      0x228 C:/ST/STM32CubeIDE_2.2.0/STM32CubeIDE/plugins/com.st.stm32cube.ide.mcu.externaltools.gnu-tools-for-stm32.14.3.rel1.win32_1.0.100.202602081740/tools/bin/../lib/gcc/arm-none-eabi/14.3.1/../../../../arm-none-eabi/lib/thumb/v7e-m+dp/hard\libc_nano.a(libc_a-nano-vfprintf.o)
                0x0800e6d8                _vfprintf_r
                0x0800e6d8                _vfiprintf_r
 .text._printf_common
                0x0800e900       0xda C:/ST/STM32CubeIDE_2.2.0/STM32CubeIDE/plugins/com.st.stm32cube.ide.mcu.externaltools.gnu-tools-for-stm32.14.3.rel1.win32_1.0.100.202602081740/tools/bin/../lib/gcc/arm-none-eabi/14.3.1/../../../../arm-none-eabi/lib/thumb/v7e-m+dp/hard\libc_nano.a(libc_a-nano-vfprintf_i.o)
                0x0800e900                _printf_common
 *fill*         0x0800e9da        0x2 
 .text._printf_i
                0x0800e9dc      0x24c C:/ST/STM32CubeIDE_2.2.0/STM32CubeIDE/plugins/com.st.stm32cube.ide.mcu.externaltools.gnu-tools-for-stm32.14.3.rel1.win32_1.0.100.202602081740/tools/bin/../lib/gcc/arm-none-eabi/14.3.1/../../../../arm-none-eabi/lib/thumb/v7e-m+dp/hard\libc_nano.a(libc_a-nano-vfprintf_i.o)
                0x0800e9dc                _printf_i
 .text.__sflush_r
                0x0800ec28      0x104 C:/ST/STM32CubeIDE_2.2.0/STM32CubeIDE/plugins/com.st.stm32cube.ide.mcu.externaltools.gnu-tools-for-stm32.14.3.rel1.win32_1.0.100.202602081740/tools/bin/../lib/gcc/arm-none-eabi/14.3.1/../../../../arm-none-eabi/lib/thumb/v7e-m+dp/hard\libc_nano.a(libc_a-fflush.o)
                0x0800ec28                __sflush_r
 .text._fflush_r
                0x0800ed2c       0x50 C:/ST/STM32CubeIDE_2.2.0/STM32CubeIDE/plugins/com.st.stm32cube.ide.mcu.externaltools.gnu-tools-for-stm32.14.3.rel1.win32_1.0.100.202602081740/tools/bin/../lib/gcc/arm-none-eabi/14.3.1/../../../../arm-none-eabi/lib/thumb/v7e-m+dp/hard\libc_nano.a(libc_a-fflush.o)
                0x0800ed2c                _fflush_r
 .text.__swbuf_r
                0x0800ed7c       0x7c C:/ST/STM32CubeIDE_2.2.0/STM32CubeIDE/plugins/com.st.stm32cube.ide.mcu.externaltools.gnu-tools-for-stm32.14.3.rel1.win32_1.0.100.202602081740/tools/bin/../lib/gcc/arm-none-eabi/14.3.1/../../../../arm-none-eabi/lib/thumb/v7e-m+dp/hard\libc_nano.a(libc_a-wbuf.o)
                0x0800ed7c                __swbuf_r
 .text.__swsetup_r
                0x0800edf8       0xa8 C:/ST/STM32CubeIDE_2.2.0/STM32CubeIDE/plugins/com.st.stm32cube.ide.mcu.externaltools.gnu-tools-for-stm32.14.3.rel1.win32_1.0.100.202602081740/tools/bin/../lib/gcc/arm-none-eabi/14.3.1/../../../../arm-none-eabi/lib/thumb/v7e-m+dp/hard\libc_nano.a(libc_a-wsetup.o)
                0x0800edf8                __swsetup_r
 .text.memmove  0x0800eea0       0x32 C:/ST/STM32CubeIDE_2.2.0/STM32CubeIDE/plugins/com.st.stm32cube.ide.mcu.externaltools.gnu-tools-for-stm32.14.3.rel1.win32_1.0.100.202602081740/tools/bin/../lib/gcc/arm-none-eabi/14.3.1/../../../../arm-none-eabi/lib/thumb/v7e-m+dp/hard\libc_nano.a(libc_a-memmove.o)
                0x0800eea0                memmove
 .text._raise_r
                0x0800eed2       0x50 C:/ST/STM32CubeIDE_2.2.0/STM32CubeIDE/plugins/com.st.stm32cube.ide.mcu.externaltools.gnu-tools-for-stm32.14.3.rel1.win32_1.0.100.202602081740/tools/bin/../lib/gcc/arm-none-eabi/14.3.1/../../../../arm-none-eabi/lib/thumb/v7e-m+dp/hard\libc_nano.a(libc_a-signal.o)
                0x0800eed2                _raise_r
 *fill*         0x0800ef22        0x2 
 .text.raise    0x0800ef24       0x10 C:/ST/STM32CubeIDE_2.2.0/STM32CubeIDE/plugins/com.st.stm32cube.ide.mcu.externaltools.gnu-tools-for-stm32.14.3.rel1.win32_1.0.100.202602081740/tools/bin/../lib/gcc/arm-none-eabi/14.3.1/../../../../arm-none-eabi/lib/thumb/v7e-m+dp/hard\libc_nano.a(libc_a-signal.o)
                0x0800ef24                raise
 .text._kill_r  0x0800ef34       0x24 C:/ST/STM32CubeIDE_2.2.0/STM32CubeIDE/plugins/com.st.stm32cube.ide.mcu.externaltools.gnu-tools-for-stm32.14.3.rel1.win32_1.0.100.202602081740/tools/bin/../lib/gcc/arm-none-eabi/14.3.1/../../../../arm-none-eabi/lib/thumb/v7e-m+dp/hard\libc_nano.a(libc_a-signalr.o)
                0x0800ef34                _kill_r
 .text._getpid_r
                0x0800ef58        0x4 C:/ST/STM32CubeIDE_2.2.0/STM32CubeIDE/plugins/com.st.stm32cube.ide.mcu.externaltools.gnu-tools-for-stm32.14.3.rel1.win32_1.0.100.202602081740/tools/bin/../lib/gcc/arm-none-eabi/14.3.1/../../../../arm-none-eabi/lib/thumb/v7e-m+dp/hard\libc_nano.a(libc_a-signalr.o)
                0x0800ef58                _getpid_r
 .text._sbrk_r  0x0800ef5c       0x20 C:/ST/STM32CubeIDE_2.2.0/STM32CubeIDE/plugins/com.st.stm32cube.ide.mcu.externaltools.gnu-tools-for-stm32.14.3.rel1.win32_1.0.100.202602081740/tools/bin/../lib/gcc/arm-none-eabi/14.3.1/../../../../arm-none-eabi/lib/thumb/v7e-m+dp/hard\libc_nano.a(libc_a-sbrkr.o)
                0x0800ef5c                _sbrk_r
 .text._realloc_r
                0x0800ef7c       0x5c C:/ST/STM32CubeIDE_2.2.0/STM32CubeIDE/plugins/com.st.stm32cube.ide.mcu.externaltools.gnu-tools-for-stm32.14.3.rel1.win32_1.0.100.202602081740/tools/bin/../lib/gcc/arm-none-eabi/14.3.1/../../../../arm-none-eabi/lib/thumb/v7e-m+dp/hard\libc_nano.a(libc_a-reallocr.o)
                0x0800ef7c                _realloc_r
 .text.__swhatbuf_r
                0x0800efd8       0x48 C:/ST/STM32CubeIDE_2.2.0/STM32CubeIDE/plugins/com.st.stm32cube.ide.mcu.externaltools.gnu-tools-for-stm32.14.3.rel1.win32_1.0.100.202602081740/tools/bin/../lib/gcc/arm-none-eabi/14.3.1/../../../../arm-none-eabi/lib/thumb/v7e-m+dp/hard\libc_nano.a(libc_a-makebuf.o)
                0x0800efd8                __swhatbuf_r
 .text.__smakebuf_r
                0x0800f020       0x72 C:/ST/STM32CubeIDE_2.2.0/STM32CubeIDE/plugins/com.st.stm32cube.ide.mcu.externaltools.gnu-tools-for-stm32.14.3.rel1.win32_1.0.100.202602081740/tools/bin/../lib/gcc/arm-none-eabi/14.3.1/../../../../arm-none-eabi/lib/thumb/v7e-m+dp/hard\libc_nano.a(libc_a-makebuf.o)
                0x0800f020                __smakebuf_r
 *fill*         0x0800f092        0x2 
 .text._fstat_r
                0x0800f094       0x24 C:/ST/STM32CubeIDE_2.2.0/STM32CubeIDE/plugins/com.st.stm32cube.ide.mcu.externaltools.gnu-tools-for-stm32.14.3.rel1.win32_1.0.100.202602081740/tools/bin/../lib/gcc/arm-none-eabi/14.3.1/../../../../arm-none-eabi/lib/thumb/v7e-m+dp/hard\libc_nano.a(libc_a-fstatr.o)
                0x0800f094                _fstat_r
 .text._isatty_r
                0x0800f0b8       0x20 C:/ST/STM32CubeIDE_2.2.0/STM32CubeIDE/plugins/com.st.stm32cube.ide.mcu.externaltools.gnu-tools-for-stm32.14.3.rel1.win32_1.0.100.202602081740/tools/bin/../lib/gcc/arm-none-eabi/14.3.1/../../../../arm-none-eabi/lib/thumb/v7e-m+dp/hard\libc_nano.a(libc_a-isattyr.o)
                0x0800f0b8                _isatty_r
 .text._malloc_usable_size_r
                0x0800f0d8       0x10 C:/ST/STM32CubeIDE_2.2.0/STM32CubeIDE/plugins/com.st.stm32cube.ide.mcu.externaltools.gnu-tools-for-stm32.14.3.rel1.win32_1.0.100.202602081740/tools/bin/../lib/gcc/arm-none-eabi/14.3.1/../../../../arm-none-eabi/lib/thumb/v7e-m+dp/hard\libc_nano.a(libc_a-msizer.o)
                0x0800f0d8                _malloc_usable_size_r
 .text.log      0x0800f0e8      0x1f0 C:/ST/STM32CubeIDE_2.2.0/STM32CubeIDE/plugins/com.st.stm32cube.ide.mcu.externaltools.gnu-tools-for-stm32.14.3.rel1.win32_1.0.100.202602081740/tools/bin/../lib/gcc/arm-none-eabi/14.3.1/../../../../arm-none-eabi/lib/thumb/v7e-m+dp/hard\libm.a(libm_a-log.o)
                0x0800f0e8                log
 .text.roundf   0x0800f2d8       0x4c C:/ST/STM32CubeIDE_2.2.0/STM32CubeIDE/plugins/com.st.stm32cube.ide.mcu.externaltools.gnu-tools-for-stm32.14.3.rel1.win32_1.0.100.202602081740/tools/bin/../lib/gcc/arm-none-eabi/14.3.1/../../../../arm-none-eabi/lib/thumb/v7e-m+dp/hard\libm.a(libm_a-sf_round.o)
                0x0800f2d8                roundf
 .text.with_errno
                0x0800f324       0x1c C:/ST/STM32CubeIDE_2.2.0/STM32CubeIDE/plugins/com.st.stm32cube.ide.mcu.externaltools.gnu-tools-for-stm32.14.3.rel1.win32_1.0.100.202602081740/tools/bin/../lib/gcc/arm-none-eabi/14.3.1/../../../../arm-none-eabi/lib/thumb/v7e-m+dp/hard\libm.a(libm_a-math_err.o)
 .text.__math_divzero
                0x0800f340       0x30 C:/ST/STM32CubeIDE_2.2.0/STM32CubeIDE/plugins/com.st.stm32cube.ide.mcu.externaltools.gnu-tools-for-stm32.14.3.rel1.win32_1.0.100.202602081740/tools/bin/../lib/gcc/arm-none-eabi/14.3.1/../../../../arm-none-eabi/lib/thumb/v7e-m+dp/hard\libm.a(libm_a-math_err.o)
                0x0800f340                __math_divzero
 .text.__math_invalid
                0x0800f370       0x20 C:/ST/STM32CubeIDE_2.2.0/STM32CubeIDE/plugins/com.st.stm32cube.ide.mcu.externaltools.gnu-tools-for-stm32.14.3.rel1.win32_1.0.100.202602081740/tools/bin/../lib/gcc/arm-none-eabi/14.3.1/../../../../arm-none-eabi/lib/thumb/v7e-m+dp/hard\libm.a(libm_a-math_err.o)
                0x0800f370                __math_invalid
 *(.glue_7)
 .glue_7        0x0800f390        0x0 linker stubs
 *(.glue_7t)
 .glue_7t       0x0800f390        0x0 linker stubs
 *(.eh_frame)
 .eh_frame      0x0800f390        0x0 C:/ST/STM32CubeIDE_2.2.0/STM32CubeIDE/plugins/com.st.stm32cube.ide.mcu.externaltools.gnu-tools-for-stm32.14.3.rel1.win32_1.0.100.202602081740/tools/bin/../lib/gcc/arm-none-eabi/14.3.1/thumb/v7e-m+dp/hard/crtbegin.o
 *(.init)
 .init          0x0800f390        0x4 C:/ST/STM32CubeIDE_2.2.0/STM32CubeIDE/plugins/com.st.stm32cube.ide.mcu.externaltools.gnu-tools-for-stm32.14.3.rel1.win32_1.0.100.202602081740/tools/bin/../lib/gcc/arm-none-eabi/14.3.1/thumb/v7e-m+dp/hard/crti.o
                0x0800f390                _init
 .init          0x0800f394        0x8 C:/ST/STM32CubeIDE_2.2.0/STM32CubeIDE/plugins/com.st.stm32cube.ide.mcu.externaltools.gnu-tools-for-stm32.14.3.rel1.win32_1.0.100.202602081740/tools/bin/../lib/gcc/arm-none-eabi/14.3.1/thumb/v7e-m+dp/hard/crtn.o
 *(.fini)
 .fini          0x0800f39c        0x4 C:/ST/STM32CubeIDE_2.2.0/STM32CubeIDE/plugins/com.st.stm32cube.ide.mcu.externaltools.gnu-tools-for-stm32.14.3.rel1.win32_1.0.100.202602081740/tools/bin/../lib/gcc/arm-none-eabi/14.3.1/thumb/v7e-m+dp/hard/crti.o
                0x0800f39c                _fini
 .fini          0x0800f3a0        0x8 C:/ST/STM32CubeIDE_2.2.0/STM32CubeIDE/plugins/com.st.stm32cube.ide.mcu.externaltools.gnu-tools-for-stm32.14.3.rel1.win32_1.0.100.202602081740/tools/bin/../lib/gcc/arm-none-eabi/14.3.1/thumb/v7e-m+dp/hard/crtn.o
                0x0800f3a8                        . = ALIGN (0x4)
                0x0800f3a8                        _etext = .

.vfp11_veneer   0x0800f3a8        0x0
 .vfp11_veneer  0x0800f3a8        0x0 linker stubs

.v4_bx          0x0800f3a8        0x0
 .v4_bx         0x0800f3a8        0x0 linker stubs

.iplt           0x0800f3a8        0x0
 .iplt          0x0800f3a8        0x0 C:/ST/STM32CubeIDE_2.2.0/STM32CubeIDE/plugins/com.st.stm32cube.ide.mcu.externaltools.gnu-tools-for-stm32.14.3.rel1.win32_1.0.100.202602081740/tools/bin/../lib/gcc/arm-none-eabi/14.3.1/thumb/v7e-m+dp/hard/crtbegin.o

.rodata         0x0800f3a8     0x1050
                0x0800f3a8                        . = ALIGN (0x4)
 *(.rodata)
 .rodata        0x0800f3a8       0xac ./Core/Src/app.o
 .rodata        0x0800f454        0x8 ./Core/Src/stm32f7xx_it.o
 .rodata        0x0800f45c        0xb ./Core/Src/tasks/adbms_task.o
 *fill*         0x0800f467        0x1 
 .rodata        0x0800f468      0x2bf ./Core/Src/tasks/cli_task.o
 *fill*         0x0800f727        0x1 
 .rodata        0x0800f728        0xb ./Core/Src/tasks/error_task.o
 *fill*         0x0800f733        0x1 
 .rodata        0x0800f734        0x9 ./Core/Src/tasks/fan_task.o
 *fill*         0x0800f73d        0x3 
 .rodata        0x0800f740        0x5 ./Middlewares/Third_Party/FreeRTOS/Source/tasks.o
 *fill*         0x0800f745        0x3 
 .rodata        0x0800f748        0xd ./Middlewares/Third_Party/FreeRTOS/Source/timers.o
 *(.rodata*)
 *fill*         0x0800f755        0x3 
 .rodata.__func__.0
                0x0800f758        0xb ./Core/Src/app.o
 *fill*         0x0800f763        0x1 
 .rodata.AHBPrescTable
                0x0800f764       0x10 ./Core/Src/system_stm32f7xx.o
                0x0800f764                AHBPrescTable
 .rodata.APBPrescTable
                0x0800f774        0x8 ./Core/Src/system_stm32f7xx.o
                0x0800f774                APBPrescTable
 .rodata.ADAX_CH
                0x0800f77c        0x3 ./Core/Src/ext_drivers/adbms6830.o
 *fill*         0x0800f77f        0x1 
 .rodata.GPIO_AUX_IDX
                0x0800f780        0x3 ./Core/Src/ext_drivers/adbms6830.o
 *fill*         0x0800f783        0x1 
 .rodata.Crc15Table
                0x0800f784      0x200 ./Core/Src/ext_drivers/adbms_shared.o
 .rodata.__assert_func.str1.1
                0x0800f984       0xe0 C:/ST/STM32CubeIDE_2.2.0/STM32CubeIDE/plugins/com.st.stm32cube.ide.mcu.externaltools.gnu-tools-for-stm32.14.3.rel1.win32_1.0.100.202602081740/tools/bin/../lib/gcc/arm-none-eabi/14.3.1/../../../../arm-none-eabi/lib/thumb/v7e-m+dp/hard\libc_nano.a(libc_a-assert.o)
                                 0x3d (size before relaxing)
 .rodata._ctype_
                0x0800fa64      0x101 C:/ST/STM32CubeIDE_2.2.0/STM32CubeIDE/plugins/com.st.stm32cube.ide.mcu.externaltools.gnu-tools-for-stm32.14.3.rel1.win32_1.0.100.202602081740/tools/bin/../lib/gcc/arm-none-eabi/14.3.1/../../../../arm-none-eabi/lib/thumb/v7e-m+dp/hard\libc_nano.a(libc_a-ctype_.o)
                0x0800fa64                _ctype_
 .rodata.strtok.str1.1
                0x0800fb65       0x71 C:/ST/STM32CubeIDE_2.2.0/STM32CubeIDE/plugins/com.st.stm32cube.ide.mcu.externaltools.gnu-tools-for-stm32.14.3.rel1.win32_1.0.100.202602081740/tools/bin/../lib/gcc/arm-none-eabi/14.3.1/../../../../arm-none-eabi/lib/thumb/v7e-m+dp/hard\libc_nano.a(libc_a-strtok.o)
 .rodata._svfprintf_r.str1.1
                0x0800fb65       0x11 C:/ST/STM32CubeIDE_2.2.0/STM32CubeIDE/plugins/com.st.stm32cube.ide.mcu.externaltools.gnu-tools-for-stm32.14.3.rel1.win32_1.0.100.202602081740/tools/bin/../lib/gcc/arm-none-eabi/14.3.1/../../../../arm-none-eabi/lib/thumb/v7e-m+dp/hard\libc_nano.a(libc_a-nano-svfprintf.o)
 .rodata._vfprintf_r.str1.1
                0x0800fb65       0x11 C:/ST/STM32CubeIDE_2.2.0/STM32CubeIDE/plugins/com.st.stm32cube.ide.mcu.externaltools.gnu-tools-for-stm32.14.3.rel1.win32_1.0.100.202602081740/tools/bin/../lib/gcc/arm-none-eabi/14.3.1/../../../../arm-none-eabi/lib/thumb/v7e-m+dp/hard\libc_nano.a(libc_a-nano-vfprintf.o)
 .rodata._printf_i.str1.1
                0x0800fb65       0x22 C:/ST/STM32CubeIDE_2.2.0/STM32CubeIDE/plugins/com.st.stm32cube.ide.mcu.externaltools.gnu-tools-for-stm32.14.3.rel1.win32_1.0.100.202602081740/tools/bin/../lib/gcc/arm-none-eabi/14.3.1/../../../../arm-none-eabi/lib/thumb/v7e-m+dp/hard\libc_nano.a(libc_a-nano-vfprintf_i.o)
 *fill*         0x0800fb65        0x3 
 .rodata.__log_data
                0x0800fb68      0x890 C:/ST/STM32CubeIDE_2.2.0/STM32CubeIDE/plugins/com.st.stm32cube.ide.mcu.externaltools.gnu-tools-for-stm32.14.3.rel1.win32_1.0.100.202602081740/tools/bin/../lib/gcc/arm-none-eabi/14.3.1/../../../../arm-none-eabi/lib/thumb/v7e-m+dp/hard\libm.a(libm_a-log_data.o)
                0x0800fb68                __log_data
                0x080103f8                        . = ALIGN (0x4)

.ARM.extab      0x080103f8        0x0
                0x080103f8                        . = ALIGN (0x4)
 *(.ARM.extab* .gnu.linkonce.armextab.*)
                0x080103f8                        . = ALIGN (0x4)

.ARM            0x080103f8        0x8
                0x080103f8                        . = ALIGN (0x4)
                0x080103f8                        __exidx_start = .
 *(.ARM.exidx*)
 .ARM.exidx     0x080103f8        0x8 C:/ST/STM32CubeIDE_2.2.0/STM32CubeIDE/plugins/com.st.stm32cube.ide.mcu.externaltools.gnu-tools-for-stm32.14.3.rel1.win32_1.0.100.202602081740/tools/bin/../lib/gcc/arm-none-eabi/14.3.1/../../../../arm-none-eabi/lib/thumb/v7e-m+dp/hard\libc_nano.a(libc_a-strlen.o)
 .ARM.exidx     0x08010400        0x0 C:/ST/STM32CubeIDE_2.2.0/STM32CubeIDE/plugins/com.st.stm32cube.ide.mcu.externaltools.gnu-tools-for-stm32.14.3.rel1.win32_1.0.100.202602081740/tools/bin/../lib/gcc/arm-none-eabi/14.3.1/../../../../arm-none-eabi/lib/thumb/v7e-m+dp/hard\libc_nano.a(libc_a-memchr.o)