../Core/Src/ext_drivers/adbms2950.c:157:6:adbms2950_init	32	static
../Core/Src/ext_drivers/adbms2950.c:224:6:adbms2950_cmd	24	static
../Core/Src/ext_drivers/adbms2950.c:236:6:adbms2950_wr48	48	static
../Core/Src/ext_drivers/adbms2950.c:275:6:adbms2950_rd48	56	static
../Core/Src/ext_drivers/adbms2950.c:310:6:adbms2950_reset_cfg_regs	24	static
../Core/Src/ext_drivers/adbms2950.c:389:6:adbms2950_srst	16	static
../Core/Src/ext_drivers/adbms2950.c:394:6:adbms2950_wrcfga	24	static
../Core/Src/ext_drivers/adbms2950.c:410:6:adbms2950_wrcfgb	24	static
../Core/Src/ext_drivers/adbms2950.c:426:6:adbms2950_rdcfga	16	static
../Core/Src/ext_drivers/adbms2950.c:432:6:adbms2950_rdcfgb	16	static
../Core/Src/ext_drivers/adbms2950.c:438:6:adbms2950_parse_cfga	24	static
../Core/Src/ext_drivers/adbms2950.c:492:6:adbms2950_pack_cfga	24	static
../Core/Src/ext_drivers/adbms2950.c:513:6:adbms2950_parse_cfgb	24	static
../Core/Src/ext_drivers/adbms2950.c:553:6:adbms2950_pack_cfgb	24	static
../Core/Src/ext_drivers/adbms2950.c:574:6:adbms2950_adi1	24	static
../Core/Src/ext_drivers/adbms2950.c:586:6:adbms2950_adi2	24	static
../Core/Src/ext_drivers/adbms2950.c:597:6:adbms2950_adv	24	static
../Core/Src/ext_drivers/adbms2950.c:609:6:adbms2950_plv	16	static
../Core/Src/ext_drivers/adbms2950.c:614:6:adbms2950_rdvb	16	static
../Core/Src/ext_drivers/adbms2950.c:620:6:adbms2950_parse_rdvb	32	static
../Core/Src/ext_drivers/adbms2950.c:632:6:adbms2950_rdi	16	static
../Core/Src/ext_drivers/adbms2950.c:638:6:adbms2950_parse_rdi	32	static
../Core/Src/ext_drivers/adbms2950.c:653:6:adbms2950_rdv1d	16	static
../Core/Src/ext_drivers/adbms2950.c:659:6:adbms2950_parse_rdv1d	32	static
../Core/Src/ext_drivers/adbms2950.c:673:6:adbms2950_gpo_set	24	static
../Core/Src/ext_drivers/adbms2950.c:703:6:adbms2950_wakeup	24	static
../Core/Src/ext_drivers/adbms2950.c:714:6:adbms2950_set_cs	16	static
../Core/Src/ext_drivers/adbms2950.c:719:6:adbms2950_us_delay	16	static
../Core/Src/ext_drivers/adbms2950.c:726:6:adbms2950_spi_write	24	static
../Core/Src/ext_drivers/adbms2950.c:733:6:adbms2950_spi_write_read	32	static
