../Core/Src/ext_drivers/adbms6830.c:198:6:adBms6830_init	24	static
../Core/Src/ext_drivers/adbms6830.c:273:6:adbms6830_reset_cfg	32	static
../Core/Src/ext_drivers/adbms6830.c:333:6:adbms6830_wrcfga	24	static
../Core/Src/ext_drivers/adbms6830.c:347:6:adbms6830_wrcfgb	24	static
../Core/Src/ext_drivers/adbms6830.c:361:6:adbms6830_rdcfga	16	static
../Core/Src/ext_drivers/adbms6830.c:367:6:adbms6830_rdcfgb	16	static
../Core/Src/ext_drivers/adbms6830.c:373:6:adbms6830_pack_cfga	24	static
../Core/Src/ext_drivers/adbms6830.c:387:6:adbms6830_pack_cfgb	24	static
../Core/Src/ext_drivers/adbms6830.c:401:6:adbms6830_parse_cfga	24	static
../Core/Src/ext_drivers/adbms6830.c:428:6:adbms6830_parse_cfgb	24	static
../Core/Src/ext_drivers/adbms6830.c:446:6:adbms6830_srst	16	static
../Core/Src/ext_drivers/adbms6830.c:451:6:adbms6830_wakeup	24	static
../Core/Src/ext_drivers/adbms6830.c:462:6:adbms6830_pack_comm	24	static
../Core/Src/ext_drivers/adbms6830.c:476:6:adbms6830_pack_clr_flag_data	24	static
../Core/Src/ext_drivers/adbms6830.c:492:6:adbms6830_spi_write	24	static
../Core/Src/ext_drivers/adbms6830.c:500:6:adbms6830_cmd	24	static
../Core/Src/ext_drivers/adbms6830.c:513:6:adbms6830_wr48	48	static
../Core/Src/ext_drivers/adbms6830.c:564:6:adbms6830_rd48	56	static
../Core/Src/ext_drivers/adbms6830.c:622:6:adbms6830_set_cs	16	static
../Core/Src/ext_drivers/adbms6830.c:628:6:adbms6830_spi_write_read	32	static
../Core/Src/ext_drivers/adbms6830.c:637:6:adbms6830_us_delay	16	static
../Core/Src/ext_drivers/adbms6830.c:644:6:adbms6830_adcv	24	static
../Core/Src/ext_drivers/adbms6830.c:654:6:adbms6830_start_adc_cell_voltage_measurement	24	static
../Core/Src/ext_drivers/adbms6830.c:708:6:adbms6830_parse_cell	48	static
../Core/Src/ext_drivers/adbms6830.c:773:6:adbms6830_read_cell_voltages	24	static
../Core/Src/ext_drivers/adbms6830.c:813:13:adbms6830_gpio_i2c_write	32	static
../Core/Src/ext_drivers/adbms6830.c:886:13:adbms6830_parse_aux_gpio	40	static
../Core/Src/ext_drivers/adbms6830.c:937:5:adbms6830_read_temp_raw	32	static
../Core/Src/ext_drivers/adbms6830.c:1084:5:mux_set_channel	24	static
../Core/Src/ext_drivers/adbms6830.c:1102:5:mux_read_gpio_voltage	32	static
../Core/Src/ext_drivers/adbms6830.c:1151:7:adbms6830_convert_temp	32	static
../Core/Src/ext_drivers/adbms6830.c:1171:7:voltage_to_temp	32	static
