../Core/Src/main.c:98:5:main	8	static
../Core/Src/main.c:191:6:SystemClock_Config	88	static
../Core/Src/main.c:249:13:MX_ADC1_Init	24	static
../Core/Src/main.c:301:13:MX_ADC2_Init	24	static
../Core/Src/main.c:353:13:MX_CAN1_Init	8	static
../Core/Src/main.c:390:13:MX_SPI6_Init	8	static
../Core/Src/main.c:430:13:MX_TIM1_Init	40	static
../Core/Src/main.c:477:13:MX_TIM2_Init	72	static
../Core/Src/main.c:551:13:MX_TIM3_Init	64	static
../Core/Src/main.c:614:13:MX_TIM4_Init	64	static
../Core/Src/main.c:677:13:MX_TIM5_Init	64	static
../Core/Src/main.c:740:13:MX_USART3_UART_Init	8	static
../Core/Src/main.c:775:13:MX_GPIO_Init	64	static
../Core/Src/main.c:910:6:StartDefaultTask	16	static
../Core/Src/main.c:929:6:HAL_TIM_PeriodElapsedCallback	16	static
../Core/Src/main.c:946:6:Error_Handler	4	static,ignoring_inline_asm
